Archive member included to satisfy reference by file (symbol)

/opt/st/stm32cubeide_2.0.0/plugins/com.st.stm32cube.ide.mcu.externaltools.gnu-tools-for-stm32.13.3.rel1.linux64_1.0.100.202509120712/tools/bin/../lib/gcc/arm-none-eabi/13.3.1/../../../../arm-none-eabi/lib/thumb/v7e-m+fp/hard/libc_nano.a(libc_a-exit.o)
                              /opt/st/stm32cubeide_2.0.0/plugins/com.st.stm32cube.ide.mcu.externaltools.gnu-tools-for-stm32.13.3.rel1.linux64_1.0.100.202509120712/tools/bin/../lib/gcc/arm-none-eabi/13.3.1/../../../../arm-none-eabi/lib/thumb/v7e-m+fp/hard/crt0.o (exit)
/opt/st/stm32cubeide_2.0.0/plugins/com.st.stm32cube.ide.mcu.externaltools.gnu-tools-for-stm32.13.3.rel1.linux64_1.0.100.202509120712/tools/bin/../lib/gcc/arm-none-eabi/13.3.1/../../../../arm-none-eabi/lib/thumb/v7e-m+fp/hard/libc_nano.a(libc_a-findfp.o)
                              /opt/st/stm32cubeide_2.0.0/plugins/com.st.stm32cube.ide.mcu.externaltools.gnu-tools-for-stm32.13.3.rel1.linux64_1.0.100.202509120712/tools/bin/../lib/gcc/arm-none-eabi/13.3.1/../../../../arm-none-eabi/lib/thumb/v7e-m+fp/hard/libc_nano.a(libc_a-exit.o) (__stdio_exit_handler)
/opt/st/stm32cubeide_2.0.0/plugins/com.st.stm32cube.ide.mcu.externaltools.gnu-tools-for-stm32.13.3.rel1.linux64_1.0.100.202509120712/tools/bin/../lib/gcc/arm-none-eabi/13.3.1/../../../../arm-none-eabi/lib/thumb/v7e-m+fp/hard/libc_nano.a(libc_a-fwalk.o)
                              /opt/st/stm32cubeide_2.0.0/plugins/com.st.stm32cube.ide.mcu.externaltools.gnu-tools-for-stm32.13.3.rel1.linux64_1.0.100.202509120712/tools/bin/../lib/gcc/arm-none-eabi/13.3.1/../../../../arm-none-eabi/lib/thumb/v7e-m+fp/hard/libc_nano.a(libc_a-findfp.o) (_fwalk_sglue)
/opt/st/stm32cubeide_2.0.0/plugins/com.st.stm32cube.ide.mcu.externaltools.gnu-tools-for-stm32.13.3.rel1.linux64_1.0.100.202509120712/tools/bin/../lib/gcc/arm-none-eabi/13.3.1/../../../../arm-none-eabi/lib/thumb/v7e-m+fp/hard/libc_nano.a(libc_a-stdio.o)
                              /opt/st/stm32cubeide_2.0.0/plugins/com.st.stm32cube.ide.mcu.externaltools.gnu-tools-for-stm32.13.3.rel1.linux64_1.0.100.202509120712/tools/bin/../lib/gcc/arm-none-eabi/13.3.1/../../../../arm-none-eabi/lib/thumb/v7e-m+fp/hard/libc_nano.a(libc_a-findfp.o) (__sread)
/opt/st/stm32cubeide_2.0.0/plugins/com.st.stm32cube.ide.mcu.externaltools.gnu-tools-for-stm32.13.3.rel1.linux64_1.0.100.202509120712/tools/bin/../lib/gcc/arm-none-eabi/13.3.1/../../../../arm-none-eabi/lib/thumb/v7e-m+fp/hard/libc_nano.a(libc_a-memset.o)
                              /opt/st/stm32cubeide_2.0.0/plugins/com.st.stm32cube.ide.mcu.externaltools.gnu-tools-for-stm32.13.3.rel1.linux64_1.0.100.202509120712/tools/bin/../lib/gcc/arm-none-eabi/13.3.1/../../../../arm-none-eabi/lib/thumb/v7e-m+fp/hard/crt0.o (memset)
/opt/st/stm32cubeide_2.0.0/plugins/com.st.stm32cube.ide.mcu.externaltools.gnu-tools-for-stm32.13.3.rel1.linux64_1.0.100.202509120712/tools/bin/../lib/gcc/arm-none-eabi/13.3.1/../../../../arm-none-eabi/lib/thumb/v7e-m+fp/hard/libc_nano.a(libc_a-closer.o)
                              /opt/st/stm32cubeide_2.0.0/plugins/com.st.stm32cube.ide.mcu.externaltools.gnu-tools-for-stm32.13.3.rel1.linux64_1.0.100.202509120712/tools/bin/../lib/gcc/arm-none-eabi/13.3.1/../../../../arm-none-eabi/lib/thumb/v7e-m+fp/hard/libc_nano.a(libc_a-stdio.o) (_close_r)
/opt/st/stm32cubeide_2.0.0/plugins/com.st.stm32cube.ide.mcu.externaltools.gnu-tools-for-stm32.13.3.rel1.linux64_1.0.100.202509120712/tools/bin/../lib/gcc/arm-none-eabi/13.3.1/../../../../arm-none-eabi/lib/thumb/v7e-m+fp/hard/libc_nano.a(libc_a-reent.o)
                              /opt/st/stm32cubeide_2.0.0/plugins/com.st.stm32cube.ide.mcu.externaltools.gnu-tools-for-stm32.13.3.rel1.linux64_1.0.100.202509120712/tools/bin/../lib/gcc/arm-none-eabi/13.3.1/../../../../arm-none-eabi/lib/thumb/v7e-m+fp/hard/libc_nano.a(libc_a-closer.o) (errno)
/opt/st/stm32cubeide_2.0.0/plugins/com.st.stm32cube.ide.mcu.externaltools.gnu-tools-for-stm32.13.3.rel1.linux64_1.0.100.202509120712/tools/bin/../lib/gcc/arm-none-eabi/13.3.1/../../../../arm-none-eabi/lib/thumb/v7e-m+fp/hard/libc_nano.a(libc_a-impure.o)
                              /opt/st/stm32cubeide_2.0.0/plugins/com.st.stm32cube.ide.mcu.externaltools.gnu-tools-for-stm32.13.3.rel1.linux64_1.0.100.202509120712/tools/bin/../lib/gcc/arm-none-eabi/13.3.1/../../../../arm-none-eabi/lib/thumb/v7e-m+fp/hard/libc_nano.a(libc_a-reent.o) (_impure_ptr)
/opt/st/stm32cubeide_2.0.0/plugins/com.st.stm32cube.ide.mcu.externaltools.gnu-tools-for-stm32.13.3.rel1.linux64_1.0.100.202509120712/tools/bin/../lib/gcc/arm-none-eabi/13.3.1/../../../../arm-none-eabi/lib/thumb/v7e-m+fp/hard/libc_nano.a(libc_a-lseekr.o)
                              /opt/st/stm32cubeide_2.0.0/plugins/com.st.stm32cube.ide.mcu.externaltools.gnu-tools-for-stm32.13.3.rel1.linux64_1.0.100.202509120712/tools/bin/../lib/gcc/arm-none-eabi/13.3.1/../../../../arm-none-eabi/lib/thumb/v7e-m+fp/hard/libc_nano.a(libc_a-stdio.o) (_lseek_r)
[...]
Memory Configuration

Name             Origin             Length             Attributes
RAM              0x20000000         0x00008000         xrw
RAM2             0x10000000         0x00002000         xrw
FLASH            0x08000000         0x00020000         xr
*default*        0x00000000         0xffffffff

Linker script and memory map

LOAD /opt/st/stm32cubeide_2.0.0/plugins/com.st.stm32cube.ide.mcu.externaltools.gnu-tools-for-stm32.13.3.rel1.linux64_1.0.100.202509120712/tools/bin/../lib/gcc/arm-none-eabi/13.3.1/thumb/v7e-m+fp/hard/crti.o
LOAD /opt/st/stm32cubeide_2.0.0/plugins/com.st.stm32cube.ide.mcu.externaltools.gnu-tools-for-stm32.13.3.rel1.linux64_1.0.100.202509120712/tools/bin/../lib/gcc/arm-none-eabi/13.3.1/thumb/v7e-m+fp/hard/crtbegin.o
LOAD /opt/st/stm32cubeide_2.0.0/plugins/com.st.stm32cube.ide.mcu.externaltools.gnu-tools-for-stm32.13.3.rel1.linux64_1.0.100.202509120712/tools/bin/../lib/gcc/arm-none-eabi/13.3.1/../../../../arm-none-eabi/lib/thumb/v7e-m+fp/hard/crt0.o
LOAD ./Core/Src/main.o
LOAD ./Core/Src/stm32l4xx_hal_msp.o
LOAD ./Core/Src/stm32l4xx_it.o
LOAD ./Core/Src/syscalls.o
LOAD ./Core/Src/sysmem.o
LOAD ./Core/Src/system_stm32l4xx.o
LOAD ./Core/Startup/startup_stm32l412cbtx.o
LOAD ./Drivers/STM32L4xx_HAL_Driver/Src/stm32l4xx_hal.o
LOAD ./Drivers/STM32L4xx_HAL_Driver/Src/stm32l4xx_hal_cortex.o
LOAD ./Drivers/STM32L4xx_HAL_Driver/Src/stm32l4xx_hal_dma.o
LOAD ./Drivers/STM32L4xx_HAL_Driver/Src/stm32l4xx_hal_dma_ex.o
LOAD ./Drivers/STM32L4xx_HAL_Driver/Src/stm32l4xx_hal_exti.o
LOAD ./Drivers/STM32L4xx_HAL_Driver/Src/stm32l4xx_hal_flash.o
LOAD ./Drivers/STM32L4xx_HAL_Driver/Src/stm32l4xx_hal_flash_ex.o
LOAD ./Drivers/STM32L4xx_HAL_Driver/Src/stm32l4xx_hal_flash_ramfunc.o
LOAD ./Drivers/STM32L4xx_HAL_Driver/Src/stm32l4xx_hal_gpio.o
LOAD ./Drivers/STM32L4xx_HAL_Driver/Src/stm32l4xx_hal_i2c.o
LOAD ./Drivers/STM32L4xx_HAL_Driver/Src/stm32l4xx_hal_i2c_ex.o
LOAD ./Drivers/STM32L4xx_HAL_Driver/Src/stm32l4xx_hal_pcd.o
LOAD ./Drivers/STM32L4xx_HAL_Driver/Src/stm32l4xx_hal_pcd_ex.o
LOAD ./Drivers/STM32L4xx_HAL_Driver/Src/stm32l4xx_hal_pwr.o
LOAD ./Drivers/STM32L4xx_HAL_Driver/Src/stm32l4xx_hal_pwr_ex.o
LOAD ./Drivers/STM32L4xx_HAL_Driver/Src/stm32l4xx_hal_rcc.o
LOAD ./Drivers/STM32L4xx_HAL_Driver/Src/stm32l4xx_hal_rcc_ex.o
LOAD ./Drivers/STM32L4xx_HAL_Driver/Src/stm32l4xx_ll_usb.o
LOAD ./Middlewares/ST/STM32_USB_Device_Library/Class/CDC/Src/usbd_cdc.o
LOAD ./Middlewares/ST/STM32_USB_Device_Library/Core/Src/usbd_core.o
LOAD ./Middlewares/ST/STM32_USB_Device_Library/Core/Src/usbd_ctlreq.o
LOAD ./Middlewares/ST/STM32_USB_Device_Library/Core/Src/usbd_ioreq.o
LOAD ./USB_DEVICE/App/usb_device.o
LOAD ./USB_DEVICE/App/usbd_cdc_if.o
LOAD ./USB_DEVICE/App/usbd_desc.o
LOAD ./USB_DEVICE/Target/usbd_conf.o
START GROUP
LOAD /opt/st/stm32cubeide_2.0.0/plugins/com.st.stm32cube.ide.mcu.externaltools.gnu-tools-for-stm32.13.3.rel1.linux64_1.0.100.202509120712/tools/bin/../lib/gcc/arm-none-eabi/13.3.1/../../../../arm-none-eabi/lib/thumb/v7e-m+fp/hard/libc_nano.a
LOAD /opt/st/stm32cubeide_2.0.0/plugins/com.st.stm32cube.ide.mcu.externaltools.gnu-tools-for-stm32.13.3.rel1.linux64_1.0.100.202509120712/tools/bin/../lib/gcc/arm-none-eabi/13.3.1/../../../../arm-none-eabi/lib/thumb/v7e-m+fp/hard/libm.a
END GROUP
START GROUP
LOAD /opt/st/stm32cubeide_2.0.0/plugins/com.st.stm32cube.ide.mcu.externaltools.gnu-tools-for-stm32.13.3.rel1.linux64_1.0.100.202509120712/tools/bin/../lib/gcc/arm-none-eabi/13.3.1/thumb/v7e-m+fp/hard/libgcc.a
LOAD /opt/st/stm32cubeide_2.0.0/plugins/com.st.stm32cube.ide.mcu.externaltools.gnu-tools-for-stm32.13.3.rel1.linux64_1.0.100.202509120712/tools/bin/../lib/gcc/arm-none-eabi/13.3.1/../../../../arm-none-eabi/lib/thumb/v7e-m+fp/hard/libc_nano.a
END GROUP
START GROUP
LOAD /opt/st/stm32cubeide_2.0.0/plugins/com.st.stm32cube.ide.mcu.externaltools.gnu-tools-for-stm32.13.3.rel1.linux64_1.0.100.202509120712/tools/bin/../lib/gcc/arm-none-eabi/13.3.1/thumb/v7e-m+fp/hard/libgcc.a
LOAD /opt/st/stm32cubeide_2.0.0/plugins/com.st.stm32cube.ide.mcu.externaltools.gnu-tools-for-stm32.13.3.rel1.linux64_1.0.100.202509120712/tools/bin/../lib/gcc/arm-none-eabi/13.3.1/../../../../arm-none-eabi/lib/thumb/v7e-m+fp/hard/libc_nano.a
LOAD /opt/st/stm32cubeide_2.0.0/plugins/com.st.stm32cube.ide.mcu.externaltools.gnu-tools-for-stm32.13.3.rel1.linux64_1.0.100.202509120712/tools/bin/../lib/gcc/arm-none-eabi/13.3.1/../../../../arm-none-eabi/lib/thumb/v7e-m+fp/hard/libnosys.a
END GROUP
START GROUP
LOAD /opt/st/stm32cubeide_2.0.0/plugins/com.st.stm32cube.ide.mcu.externaltools.gnu-tools-for-stm32.13.3.rel1.linux64_1.0.100.202509120712/tools/bin/../lib/gcc/arm-none-eabi/13.3.1/thumb/v7e-m+fp/hard/libgcc.a
LOAD /opt/st/stm32cubeide_2.0.0/plugins/com.st.stm32cube.ide.mcu.externaltools.gnu-tools-for-stm32.13.3.rel1.linux64_1.0.100.202509120712/tools/bin/../lib/gcc/arm-none-eabi/13.3.1/../../../../arm-none-eabi/lib/thumb/v7e-m+fp/hard/libc_nano.a
LOAD /opt/st/stm32cubeide_2.0.0/plugins/com.st.stm32cube.ide.mcu.externaltools.gnu-tools-for-stm32.13.3.rel1.linux64_1.0.100.202509120712/tools/bin/../lib/gcc/arm-none-eabi/13.3.1/../../../../arm-none-eabi/lib/thumb/v7e-m+fp/hard/libnosys.a
END GROUP
LOAD /opt/st/stm32cubeide_2.0.0/plugins/com.st.stm32cube.ide.mcu.externaltools.gnu-tools-for-stm32.13.3.rel1.linux64_1.0.100.202509120712/tools/bin/../lib/gcc/arm-none-eabi/13.3.1/thumb/v7e-m+fp/hard/crtend.o
LOAD /opt/st/stm32cubeide_2.0.0/plugins/com.st.stm32cube.ide.mcu.externaltools.gnu-tools-for-stm32.13.3.rel1.linux64_1.0.100.202509120712/tools/bin/../lib/gcc/arm-none-eabi/13.3.1/thumb/v7e-m+fp/hard/crtn.o
                0x20008000                        _estack = (ORIGIN (RAM) + LENGTH (RAM))
                0x00000600                        _Min_Heap_Size = 0x600
                0x00000600                        _Min_Stack_Size = 0x600

.isr_vector     0x08000000      0x18c
                0x08000000                        . = ALIGN (0x4)
 *(.isr_vector)
 .isr_vector    0x08000000      0x18c ./Core/Startup/startup_stm32l412cbtx.o
                0x08000000                g_pfnVectors
                0x0800018c                        . = ALIGN (0x4)

.text           0x0800018c     0x7d24
                0x0800018c                        . = ALIGN (0x4)
 *(.text)
 .text          0x0800018c       0x40 /opt/st/stm32cubeide_2.0.0/plugins/com.st.stm32cube.ide.mcu.externaltools.gnu-tools-for-stm32.13.3.rel1.linux64_1.0.100.202509120712/tools/bin/../lib/gcc/arm-none-eabi/13.3.1/thumb/v7e-m+fp/hard/crtbegin.o
 *(.text*)
 .text.main     0x080001cc       0x18 ./Core/Src/main.o
                0x080001cc                main
 .text.SystemClock_Config
                0x080001e4       0xaa ./Core/Src/main.o
                0x080001e4                SystemClock_Config
 *fill*         0x0800028e        0x2 
 .text.MX_GPIO_Init
                0x08000290      0x12c ./Core/Src/main.o
 .text.Error_Handler
                0x080003bc        0xc ./Core/Src/main.o
                0x080003bc                Error_Handler
 .text.HAL_MspInit
                0x080003c8       0x48 ./Core/Src/stm32l4xx_hal_msp.o
                0x080003c8                HAL_MspInit
 .text.NMI_Handler
                0x08000410        0x8 ./Core/Src/stm32l4xx_it.o
                0x08000410                NMI_Handler
 .text.HardFault_Handler
                0x08000418        0x8 ./Core/Src/stm32l4xx_it.o
                0x08000418                HardFault_Handler
 .text.MemManage_Handler
                0x08000420        0x8 ./Core/Src/stm32l4xx_it.o
                0x08000420                MemManage_Handler
 .text.BusFault_Handler
                0x08000428        0x8 ./Core/Src/stm32l4xx_it.o
                0x08000428                BusFault_Handler
 .text.UsageFault_Handler
                0x08000430        0x8 ./Core/Src/stm32l4xx_it.o
                0x08000430                UsageFault_Handler
 .text.SVC_Handler
                0x08000438        0xe ./Core/Src/stm32l4xx_it.o
                0x08000438                SVC_Handler
 .text.DebugMon_Handler
                0x08000446        0xe ./Core/Src/stm32l4xx_it.o
                0x08000446                DebugMon_Handler
 .text.PendSV_Handler
                0x08000454        0xe ./Core/Src/stm32l4xx_it.o
                0x08000454                PendSV_Handler
 .text.SysTick_Handler
                0x08000462        0xc ./Core/Src/stm32l4xx_it.o
                0x08000462                SysTick_Handler
 *fill*         0x0800046e        0x2 
 .text.USB_IRQHandler
                0x08000470       0x14 ./Core/Src/stm32l4xx_it.o
                0x08000470                USB_IRQHandler
 .text.SystemInit
                0x08000484       0x24 ./Core/Src/system_stm32l4xx.o
                0x08000484                SystemInit
 .text.Reset_Handler
                0x080004a8       0x50 ./Core/Startup/startup_stm32l412cbtx.o
                0x080004a8                Reset_Handler
 .text.Default_Handler
                0x080004f8        0x2 ./Core/Startup/startup_stm32l412cbtx.o
                0x080004f8                RTC_Alarm_IRQHandler
                0x080004f8                EXTI2_IRQHandler
                0x080004f8                TIM1_CC_IRQHandler
                0x080004f8                TSC_IRQHandler
                0x080004f8                TIM6_IRQHandler
                0x080004f8                TAMP_STAMP_IRQHandler
                0x080004f8                EXTI3_IRQHandler
                0x080004f8                LPTIM2_IRQHandler
                0x080004f8                I2C3_ER_IRQHandler
                0x080004f8                EXTI0_IRQHandler
                0x080004f8                I2C2_EV_IRQHandler
                0x080004f8                FPU_IRQHandler
                0x080004f8                TIM1_UP_TIM16_IRQHandler
                0x080004f8                ADC1_2_IRQHandler
                0x080004f8                SPI1_IRQHandler
                0x080004f8                DMA2_Channel2_IRQHandler
                0x080004f8                DMA1_Channel4_IRQHandler
                0x080004f8                USART3_IRQHandler
                0x080004f8                DMA1_Channel7_IRQHandler
                0x080004f8                DMA2_Channel1_IRQHandler
                0x080004f8                QUADSPI_IRQHandler
                0x080004f8                I2C1_EV_IRQHandler
                0x080004f8                DMA1_Channel6_IRQHandler
                0x080004f8                DMA2_Channel4_IRQHandler
                0x080004f8                RCC_IRQHandler
                0x080004f8                TIM1_TRG_COM_IRQHandler
                0x080004f8                DMA1_Channel1_IRQHandler
                0x080004f8                Default_Handler
                0x080004f8                DMA2_Channel7_IRQHandler
                0x080004f8                EXTI15_10_IRQHandler
                0x080004f8                I2C3_EV_IRQHandler
                0x080004f8                EXTI9_5_IRQHandler
                0x080004f8                RTC_WKUP_IRQHandler
                0x080004f8                PVD_PVM_IRQHandler
                0x080004f8                SPI2_IRQHandler
                0x080004f8                DMA2_Channel5_IRQHandler
                0x080004f8                CRS_IRQHandler
                0x080004f8                DMA1_Channel5_IRQHandler
                0x080004f8                EXTI4_IRQHandler
                0x080004f8                RNG_IRQHandler
                0x080004f8                DMA1_Channel3_IRQHandler
                0x080004f8                COMP_IRQHandler
                0x080004f8                WWDG_IRQHandler
                0x080004f8                LPUART1_IRQHandler
                0x080004f8                DMA2_Channel6_IRQHandler
                0x080004f8                TIM2_IRQHandler
                0x080004f8                EXTI1_IRQHandler
                0x080004f8                USART2_IRQHandler
                0x080004f8                I2C2_ER_IRQHandler
                0x080004f8                DMA1_Channel2_IRQHandler
                0x080004f8                FLASH_IRQHandler
                0x080004f8                USART1_IRQHandler
                0x080004f8                I2C1_ER_IRQHandler
                0x080004f8                LPTIM1_IRQHandler
                0x080004f8                DMA2_Channel3_IRQHandler
                0x080004f8                TIM1_BRK_TIM15_IRQHandler
 .text.HAL_Init
                0x080004fa       0x30 ./Drivers/STM32L4xx_HAL_Driver/Src/stm32l4xx_hal.o
                0x080004fa                HAL_Init
 *fill*         0x0800052a        0x2 
 .text.HAL_InitTick
                0x0800052c       0x78 ./Drivers/STM32L4xx_HAL_Driver/Src/stm32l4xx_hal.o
                0x0800052c                HAL_InitTick
 .text.HAL_IncTick
                0x080005a4       0x28 ./Drivers/STM32L4xx_HAL_Driver/Src/stm32l4xx_hal.o
                0x080005a4                HAL_IncTick
 .text.HAL_GetTick
                0x080005cc       0x18 ./Drivers/STM32L4xx_HAL_Driver/Src/stm32l4xx_hal.o
                0x080005cc                HAL_GetTick
 .text.__NVIC_SetPriorityGrouping
                0x080005e4       0x48 ./Drivers/STM32L4xx_HAL_Driver/Src/stm32l4xx_hal_cortex.o
 .text.__NVIC_GetPriorityGrouping
                0x0800062c       0x1c ./Drivers/STM32L4xx_HAL_Driver/Src/stm32l4xx_hal_cortex.o
 .text.__NVIC_EnableIRQ
                0x08000648       0x3c ./Drivers/STM32L4xx_HAL_Driver/Src/stm32l4xx_hal_cortex.o
 .text.__NVIC_SetPriority
                0x08000684       0x54 ./Drivers/STM32L4xx_HAL_Driver/Src/stm32l4xx_hal_cortex.o
 .text.NVIC_EncodePriority
                0x080006d8       0x66 ./Drivers/STM32L4xx_HAL_Driver/Src/stm32l4xx_hal_cortex.o
 *fill*         0x0800073e        0x2 
 .text.SysTick_Config
                0x08000740       0x44 ./Drivers/STM32L4xx_HAL_Driver/Src/stm32l4xx_hal_cortex.o
 .text.HAL_NVIC_SetPriorityGrouping
                0x08000784       0x16 ./Drivers/STM32L4xx_HAL_Driver/Src/stm32l4xx_hal_cortex.o
                0x08000784                HAL_NVIC_SetPriorityGrouping
 .text.HAL_NVIC_SetPriority
                0x0800079a       0x38 ./Drivers/STM32L4xx_HAL_Driver/Src/stm32l4xx_hal_cortex.o
                0x0800079a                HAL_NVIC_SetPriority
 .text.HAL_NVIC_EnableIRQ
                0x080007d2       0x1c ./Drivers/STM32L4xx_HAL_Driver/Src/stm32l4xx_hal_cortex.o
                0x080007d2                HAL_NVIC_EnableIRQ
 .text.HAL_SYSTICK_Config
                0x080007ee       0x18 ./Drivers/STM32L4xx_HAL_Driver/Src/stm32l4xx_hal_cortex.o
                0x080007ee                HAL_SYSTICK_Config
 *fill*         0x08000806        0x2 
 .text.HAL_GPIO_Init
                0x08000808      0x2e4 ./Drivers/STM32L4xx_HAL_Driver/Src/stm32l4xx_hal_gpio.o
                0x08000808                HAL_GPIO_Init
 .text.HAL_GPIO_WritePin
                0x08000aec       0x30 ./Drivers/STM32L4xx_HAL_Driver/Src/stm32l4xx_hal_gpio.o
                0x08000aec                HAL_GPIO_WritePin
 .text.HAL_PCD_Init
                0x08000b1c      0x1fa ./Drivers/STM32L4xx_HAL_Driver/Src/stm32l4xx_hal_pcd.o
                0x08000b1c                HAL_PCD_Init
 .text.HAL_PCD_Start
                0x08000d16       0x44 ./Drivers/STM32L4xx_HAL_Driver/Src/stm32l4xx_hal_pcd.o
                0x08000d16                HAL_PCD_Start
 .text.HAL_PCD_IRQHandler
                0x08000d5a      0x24e ./Drivers/STM32L4xx_HAL_Driver/Src/stm32l4xx_hal_pcd.o
                0x08000d5a                HAL_PCD_IRQHandler
 .text.HAL_PCD_SetAddress
                0x08000fa8       0x48 ./Drivers/STM32L4xx_HAL_Driver/Src/stm32l4xx_hal_pcd.o
                0x08000fa8                HAL_PCD_SetAddress
 .text.HAL_PCD_EP_Open
                0x08000ff0       0xbe ./Drivers/STM32L4xx_HAL_Driver/Src/stm32l4xx_hal_pcd.o
                0x08000ff0                HAL_PCD_EP_Open
 .text.HAL_PCD_EP_Close
                0x080010ae       0x90 ./Drivers/STM32L4xx_HAL_Driver/Src/stm32l4xx_hal_pcd.o
                0x080010ae                HAL_PCD_EP_Close
 .text.HAL_PCD_EP_Receive
                0x0800113e       0x62 ./Drivers/STM32L4xx_HAL_Driver/Src/stm32l4xx_hal_pcd.o
                0x0800113e                HAL_PCD_EP_Receive
 .text.HAL_PCD_EP_GetRxCount
                0x080011a0       0x30 ./Drivers/STM32L4xx_HAL_Driver/Src/stm32l4xx_hal_pcd.o
                0x080011a0                HAL_PCD_EP_GetRxCount
 .text.HAL_PCD_EP_Transmit
                0x080011d0       0x6e ./Drivers/STM32L4xx_HAL_Driver/Src/stm32l4xx_hal_pcd.o
                0x080011d0                HAL_PCD_EP_Transmit
 .text.HAL_PCD_EP_SetStall
                0x0800123e       0xc0 ./Drivers/STM32L4xx_HAL_Driver/Src/stm32l4xx_hal_pcd.o
                0x0800123e                HAL_PCD_EP_SetStall
 .text.HAL_PCD_EP_ClrStall
                0x080012fe       0xa8 ./Drivers/STM32L4xx_HAL_Driver/Src/stm32l4xx_hal_pcd.o
                0x080012fe                HAL_PCD_EP_ClrStall
 .text.PCD_EP_ISR_Handler
                0x080013a6      0x710 ./Drivers/STM32L4xx_HAL_Driver/Src/stm32l4xx_hal_pcd.o
 .text.HAL_PCD_EP_DB_Receive
                0x08001ab6      0x212 ./Drivers/STM32L4xx_HAL_Driver/Src/stm32l4xx_hal_pcd.o
 .text.HAL_PCD_EP_DB_Transmit
                0x08001cc8      0x878 ./Drivers/STM32L4xx_HAL_Driver/Src/stm32l4xx_hal_pcd.o
 .text.HAL_PCDEx_PMAConfig
                0x08002540       0x86 ./Drivers/STM32L4xx_HAL_Driver/Src/stm32l4xx_hal_pcd_ex.o
                0x08002540                HAL_PCDEx_PMAConfig
 .text.HAL_PCDEx_ActivateLPM
                0x080025c6       0x54 ./Drivers/STM32L4xx_HAL_Driver/Src/stm32l4xx_hal_pcd_ex.o
                0x080025c6                HAL_PCDEx_ActivateLPM
 *fill*         0x0800261a        0x2 
 .text.HAL_PWREx_GetVoltageRange
                0x0800261c       0x1c ./Drivers/STM32L4xx_HAL_Driver/Src/stm32l4xx_hal_pwr_ex.o
                0x0800261c                HAL_PWREx_GetVoltageRange
 .text.HAL_PWREx_ControlVoltageScaling
                0x08002638       0xac ./Drivers/STM32L4xx_HAL_Driver/Src/stm32l4xx_hal_pwr_ex.o
                0x08002638                HAL_PWREx_ControlVoltageScaling
 .text.HAL_PWREx_EnableVddUSB
                0x080026e4       0x20 ./Drivers/STM32L4xx_HAL_Driver/Src/stm32l4xx_hal_pwr_ex.o
                0x080026e4                HAL_PWREx_EnableVddUSB
 .text.HAL_RCC_OscConfig
                0x08002704      0x8c4 ./Drivers/STM32L4xx_HAL_Driver/Src/stm32l4xx_hal_rcc.o
                0x08002704                HAL_RCC_OscConfig
 .text.HAL_RCC_ClockConfig
                0x08002fc8      0x200 ./Drivers/STM32L4xx_HAL_Driver/Src/stm32l4xx_hal_rcc.o
                0x08002fc8                HAL_RCC_ClockConfig
 .text.HAL_RCC_GetSysClockFreq
                0x080031c8      0x118 ./Drivers/STM32L4xx_HAL_Driver/Src/stm32l4xx_hal_rcc.o
                0x080031c8                HAL_RCC_GetSysClockFreq
 .text.RCC_SetFlashLatencyFromMSIRange
                0x080032e0       0xc0 ./Drivers/STM32L4xx_HAL_Driver/Src/stm32l4xx_hal_rcc.o
 .text.HAL_RCCEx_PeriphCLKConfig
                0x080033a0      0x30c ./Drivers/STM32L4xx_HAL_Driver/Src/stm32l4xx_hal_rcc_ex.o
                0x080033a0                HAL_RCCEx_PeriphCLKConfig
 .text.USB_CoreInit
                0x080036ac       0x1c ./Drivers/STM32L4xx_HAL_Driver/Src/stm32l4xx_ll_usb.o
                0x080036ac                USB_CoreInit
 .text.USB_EnableGlobalInt
                0x080036c8       0x2e ./Drivers/STM32L4xx_HAL_Driver/Src/stm32l4xx_ll_usb.o
                0x080036c8                USB_EnableGlobalInt
 .text.USB_DisableGlobalInt
                0x080036f6       0x36 ./Drivers/STM32L4xx_HAL_Driver/Src/stm32l4xx_ll_usb.o
                0x080036f6                USB_DisableGlobalInt
 .text.USB_SetCurrentMode
                0x0800372c       0x1a ./Drivers/STM32L4xx_HAL_Driver/Src/stm32l4xx_ll_usb.o
                0x0800372c                USB_SetCurrentMode
 .text.USB_DevInit
                0x08003746       0x3c ./Drivers/STM32L4xx_HAL_Driver/Src/stm32l4xx_ll_usb.o
                0x08003746                USB_DevInit
 *fill*         0x08003782        0x2 
 .text.USB_ActivateEndpoint
                0x08003784      0x9d0 ./Drivers/STM32L4xx_HAL_Driver/Src/stm32l4xx_ll_usb.o
                0x08003784                USB_ActivateEndpoint
 .text.USB_DeactivateEndpoint
                0x08004154      0x3da ./Drivers/STM32L4xx_HAL_Driver/Src/stm32l4xx_ll_usb.o
                0x08004154                USB_DeactivateEndpoint
 .text.USB_EPStartXfer
                0x0800452e      0xb5e ./Drivers/STM32L4xx_HAL_Driver/Src/stm32l4xx_ll_usb.o
                0x0800452e                USB_EPStartXfer
 .text.USB_EPSetStall
                0x0800508c       0xa2 ./Drivers/STM32L4xx_HAL_Driver/Src/stm32l4xx_ll_usb.o
                0x0800508c                USB_EPSetStall
 .text.USB_EPClearStall
                0x0800512e      0x152 ./Drivers/STM32L4xx_HAL_Driver/Src/stm32l4xx_ll_usb.o
                0x0800512e                USB_EPClearStall
 .text.USB_SetDevAddress
                0x08005280       0x28 ./Drivers/STM32L4xx_HAL_Driver/Src/stm32l4xx_ll_usb.o
                0x08005280                USB_SetDevAddress
 .text.USB_DevConnect
                0x080052a8       0x2e ./Drivers/STM32L4xx_HAL_Driver/Src/stm32l4xx_ll_usb.o
                0x080052a8                USB_DevConnect
 .text.USB_DevDisconnect
                0x080052d6       0x2a ./Drivers/STM32L4xx_HAL_Driver/Src/stm32l4xx_ll_usb.o
                0x080052d6                USB_DevDisconnect
 .text.USB_ReadInterrupts
                0x08005300       0x20 ./Drivers/STM32L4xx_HAL_Driver/Src/stm32l4xx_ll_usb.o
                0x08005300                USB_ReadInterrupts
 .text.USB_EP0_OutStart
                0x08005320       0x18 ./Drivers/STM32L4xx_HAL_Driver/Src/stm32l4xx_ll_usb.o
                0x08005320                USB_EP0_OutStart
 .text.USB_WritePMA
                0x08005338       0x86 ./Drivers/STM32L4xx_HAL_Driver/Src/stm32l4xx_ll_usb.o
                0x08005338                USB_WritePMA
 .text.USB_ReadPMA
                0x080053be       0x98 ./Drivers/STM32L4xx_HAL_Driver/Src/stm32l4xx_ll_usb.o
                0x080053be                USB_ReadPMA
 *fill*         0x08005456        0x2 
 .text.USBD_CDC_Init
                0x08005458      0x1f0 ./Middlewares/ST/STM32_USB_Device_Library/Class/CDC/Src/usbd_cdc.o
 .text.USBD_CDC_DeInit
                0x08005648      0x104 ./Middlewares/ST/STM32_USB_Device_Library/Class/CDC/Src/usbd_cdc.o
 .text.USBD_CDC_Setup
                0x0800574c      0x1b8 ./Middlewares/ST/STM32_USB_Device_Library/Class/CDC/Src/usbd_cdc.o
 .text.USBD_CDC_DataIn
                0x08005904       0xfe ./Middlewares/ST/STM32_USB_Device_Library/Class/CDC/Src/usbd_cdc.o
 .text.USBD_CDC_DataOut
                0x08005a02       0x70 ./Middlewares/ST/STM32_USB_Device_Library/Class/CDC/Src/usbd_cdc.o
 .text.USBD_CDC_EP0_RxReady
                0x08005a72       0x74 ./Middlewares/ST/STM32_USB_Device_Library/Class/CDC/Src/usbd_cdc.o
 *fill*         0x08005ae6        0x2 
 .text.USBD_CDC_GetFSCfgDesc
                0x08005ae8       0x70 ./Middlewares/ST/STM32_USB_Device_Library/Class/CDC/Src/usbd_cdc.o
 .text.USBD_CDC_GetHSCfgDesc
                0x08005b58       0x70 ./Middlewares/ST/STM32_USB_Device_Library/Class/CDC/Src/usbd_cdc.o
 .text.USBD_CDC_GetOtherSpeedCfgDesc
                0x08005bc8       0x70 ./Middlewares/ST/STM32_USB_Device_Library/Class/CDC/Src/usbd_cdc.o
 .text.USBD_CDC_GetDeviceQualifierDescriptor
                0x08005c38       0x20 ./Middlewares/ST/STM32_USB_Device_Library/Class/CDC/Src/usbd_cdc.o
                0x08005c38                USBD_CDC_GetDeviceQualifierDescriptor
 .text.USBD_CDC_RegisterInterface
                0x08005c58       0x34 ./Middlewares/ST/STM32_USB_Device_Library/Class/CDC/Src/usbd_cdc.o
                0x08005c58                USBD_CDC_RegisterInterface
 .text.USBD_CDC_SetTxBuffer
                0x08005c8c       0x44 ./Middlewares/ST/STM32_USB_Device_Library/Class/CDC/Src/usbd_cdc.o
                0x08005c8c                USBD_CDC_SetTxBuffer
 .text.USBD_CDC_SetRxBuffer
                0x08005cd0       0x3a ./Middlewares/ST/STM32_USB_Device_Library/Class/CDC/Src/usbd_cdc.o
                0x08005cd0                USBD_CDC_SetRxBuffer
 *fill*         0x08005d0a        0x2 
 .text.USBD_CDC_ReceivePacket
                0x08005d0c       0x6c ./Middlewares/ST/STM32_USB_Device_Library/Class/CDC/Src/usbd_cdc.o
                0x08005d0c                USBD_CDC_ReceivePacket
 .text.USBD_Init
                0x08005d78       0x60 ./Middlewares/ST/STM32_USB_Device_Library/Core/Src/usbd_core.o
                0x08005d78                USBD_Init
 .text.USBD_RegisterClass
                0x08005dd8       0x6c ./Middlewares/ST/STM32_USB_Device_Library/Core/Src/usbd_core.o
                0x08005dd8                USBD_RegisterClass
 .text.USBD_Start
                0x08005e44       0x18 ./Middlewares/ST/STM32_USB_Device_Library/Core/Src/usbd_core.o
                0x08005e44                USBD_Start
 .text.USBD_RunTestMode
                0x08005e5c       0x16 ./Middlewares/ST/STM32_USB_Device_Library/Core/Src/usbd_core.o
                0x08005e5c                USBD_RunTestMode
 .text.USBD_SetClassConfig
                0x08005e72       0x38 ./Middlewares/ST/STM32_USB_Device_Library/Core/Src/usbd_core.o
                0x08005e72                USBD_SetClassConfig
 .text.USBD_ClrClassConfig
                0x08005eaa       0x34 ./Middlewares/ST/STM32_USB_Device_Library/Core/Src/usbd_core.o
                0x08005eaa                USBD_ClrClassConfig
 .text.USBD_LL_SetupStage
                0x08005ede       0xaa ./Middlewares/ST/STM32_USB_Device_Library/Core/Src/usbd_core.o
                0x08005ede                USBD_LL_SetupStage
 .text.USBD_LL_DataOutStage
                0x08005f88      0x178 ./Middlewares/ST/STM32_USB_Device_Library/Core/Src/usbd_core.o
                0x08005f88                USBD_LL_DataOutStage
 .text.USBD_LL_DataInStage
                0x08006100      0x176 ./Middlewares/ST/STM32_USB_Device_Library/Core/Src/usbd_core.o
                0x08006100                USBD_LL_DataInStage
 .text.USBD_LL_Reset
                0x08006276       0xa6 ./Middlewares/ST/STM32_USB_Device_Library/Core/Src/usbd_core.o
                0x08006276                USBD_LL_Reset
 .text.USBD_LL_SetSpeed
                0x0800631c       0x20 ./Middlewares/ST/STM32_USB_Device_Library/Core/Src/usbd_core.o
                0x0800631c                USBD_LL_SetSpeed
 .text.USBD_LL_Suspend
                0x0800633c       0x38 ./Middlewares/ST/STM32_USB_Device_Library/Core/Src/usbd_core.o
                0x0800633c                USBD_LL_Suspend
 .text.USBD_LL_Resume
                0x08006374       0x30 ./Middlewares/ST/STM32_USB_Device_Library/Core/Src/usbd_core.o
                0x08006374                USBD_LL_Resume
 .text.USBD_LL_SOF
                0x080063a4       0x40 ./Middlewares/ST/STM32_USB_Device_Library/Core/Src/usbd_core.o
                0x080063a4                USBD_LL_SOF
 .text.USBD_CoreFindIF
                0x080063e4       0x1a ./Middlewares/ST/STM32_USB_Device_Library/Core/Src/usbd_core.o
                0x080063e4                USBD_CoreFindIF
 .text.USBD_CoreFindEP
                0x080063fe       0x1a ./Middlewares/ST/STM32_USB_Device_Library/Core/Src/usbd_core.o
                0x080063fe                USBD_CoreFindEP
 .text.USBD_GetEpDesc
                0x08006418       0x70 ./Middlewares/ST/STM32_USB_Device_Library/Core/Src/usbd_core.o
                0x08006418                USBD_GetEpDesc
 .text.USBD_GetNextDesc
                0x08006488       0x38 ./Middlewares/ST/STM32_USB_Device_Library/Core/Src/usbd_core.o
                0x08006488                USBD_GetNextDesc
 .text.SWAPBYTE
                0x080064c0       0x3e ./Middlewares/ST/STM32_USB_Device_Library/Core/Src/usbd_ctlreq.o
 *fill*         0x080064fe        0x2 
 .text.USBD_StdDevReq
                0x08006500       0xe4 ./Middlewares/ST/STM32_USB_Device_Library/Core/Src/usbd_ctlreq.o
                0x08006500                USBD_StdDevReq
 .text.USBD_StdItfReq
                0x080065e4       0xd8 ./Middlewares/ST/STM32_USB_Device_Library/Core/Src/usbd_ctlreq.o
                0x080065e4                USBD_StdItfReq
 .text.USBD_StdEPReq
                0x080066bc      0x33e ./Middlewares/ST/STM32_USB_Device_Library/Core/Src/usbd_ctlreq.o
                0x080066bc                USBD_StdEPReq
 *fill*         0x080069fa        0x2 
 .text.USBD_GetDescriptor
                0x080069fc      0x328 ./Middlewares/ST/STM32_USB_Device_Library/Core/Src/usbd_ctlreq.o
 .text.USBD_SetAddress
                0x08006d24       0x88 ./Middlewares/ST/STM32_USB_Device_Library/Core/Src/usbd_ctlreq.o
 .text.USBD_SetConfig
                0x08006dac      0x154 ./Middlewares/ST/STM32_USB_Device_Library/Core/Src/usbd_ctlreq.o
 .text.USBD_GetConfig
                0x08006f00       0x6c ./Middlewares/ST/STM32_USB_Device_Library/Core/Src/usbd_ctlreq.o
 .text.USBD_GetStatus
                0x08006f6c       0x68 ./Middlewares/ST/STM32_USB_Device_Library/Core/Src/usbd_ctlreq.o
 .text.USBD_SetFeature
                0x08006fd4       0x52 ./Middlewares/ST/STM32_USB_Device_Library/Core/Src/usbd_ctlreq.o
 .text.USBD_ClrFeature
                0x08007026       0x44 ./Middlewares/ST/STM32_USB_Device_Library/Core/Src/usbd_ctlreq.o
 .text.USBD_ParseSetupRequest
                0x0800706a       0x74 ./Middlewares/ST/STM32_USB_Device_Library/Core/Src/usbd_ctlreq.o
                0x0800706a                USBD_ParseSetupRequest
 .text.USBD_CtlError
                0x080070de       0x22 ./Middlewares/ST/STM32_USB_Device_Library/Core/Src/usbd_ctlreq.o
                0x080070de                USBD_CtlError
 .text.USBD_GetString
                0x08007100       0xa4 ./Middlewares/ST/STM32_USB_Device_Library/Core/Src/usbd_ctlreq.o
                0x08007100                USBD_GetString
 .text.USBD_GetLen
                0x080071a4       0x34 ./Middlewares/ST/STM32_USB_Device_Library/Core/Src/usbd_ctlreq.o
 .text.USBD_CtlSendData
                0x080071d8       0x3c ./Middlewares/ST/STM32_USB_Device_Library/Core/Src/usbd_ioreq.o
                0x080071d8                USBD_CtlSendData
 .text.USBD_CtlContinueSendData
                0x08007214       0x22 ./Middlewares/ST/STM32_USB_Device_Library/Core/Src/usbd_ioreq.o
                0x08007214                USBD_CtlContinueSendData
 .text.USBD_CtlPrepareRx
                0x08007236       0x42 ./Middlewares/ST/STM32_USB_Device_Library/Core/Src/usbd_ioreq.o
                0x08007236                USBD_CtlPrepareRx
 .text.USBD_CtlContinueRx
                0x08007278       0x22 ./Middlewares/ST/STM32_USB_Device_Library/Core/Src/usbd_ioreq.o
                0x08007278                USBD_CtlContinueRx
 .text.USBD_CtlSendStatus
                0x0800729a       0x26 ./Middlewares/ST/STM32_USB_Device_Library/Core/Src/usbd_ioreq.o
                0x0800729a                USBD_CtlSendStatus
 .text.USBD_CtlReceiveStatus
                0x080072c0       0x26 ./Middlewares/ST/STM32_USB_Device_Library/Core/Src/usbd_ioreq.o
                0x080072c0                USBD_CtlReceiveStatus
 *fill*         0x080072e6        0x2 
 .text.MX_USB_DEVICE_Init
                0x080072e8       0x60 ./USB_DEVICE/App/usb_device.o
                0x080072e8                MX_USB_DEVICE_Init
 .text.CDC_Init_FS
                0x08007348       0x28 ./USB_DEVICE/App/usbd_cdc_if.o
 .text.CDC_DeInit_FS
                0x08007370       0x10 ./USB_DEVICE/App/usbd_cdc_if.o
 .text.CDC_Control_FS
                0x08007380       0xbc ./USB_DEVICE/App/usbd_cdc_if.o
 .text.CDC_Receive_FS
                0x0800743c       0x28 ./USB_DEVICE/App/usbd_cdc_if.o
 .text.CDC_TransmitCplt_FS
                0x08007464       0x22 ./USB_DEVICE/App/usbd_cdc_if.o
 *fill*         0x08007486        0x2 
 .text.USBD_FS_DeviceDescriptor
                0x08007488       0x24 ./USB_DEVICE/App/usbd_desc.o
                0x08007488                USBD_FS_DeviceDescriptor
 .text.USBD_FS_LangIDStrDescriptor
                0x080074ac       0x24 ./USB_DEVICE/App/usbd_desc.o
                0x080074ac                USBD_FS_LangIDStrDescriptor
 .text.USBD_FS_ProductStrDescriptor
                0x080074d0       0x3c ./USB_DEVICE/App/usbd_desc.o
                0x080074d0                USBD_FS_ProductStrDescriptor
 .text.USBD_FS_ManufacturerStrDescriptor
                0x0800750c       0x28 ./USB_DEVICE/App/usbd_desc.o
                0x0800750c                USBD_FS_ManufacturerStrDescriptor
 .text.USBD_FS_SerialStrDescriptor
                0x08007534       0x24 ./USB_DEVICE/App/usbd_desc.o
                0x08007534                USBD_FS_SerialStrDescriptor
 .text.USBD_FS_ConfigStrDescriptor
                0x08007558       0x3c ./USB_DEVICE/App/usbd_desc.o
                0x08007558                USBD_FS_ConfigStrDescriptor
 .text.USBD_FS_InterfaceStrDescriptor
                0x08007594       0x3c ./USB_DEVICE/App/usbd_desc.o
                0x08007594                USBD_FS_InterfaceStrDescriptor
 .text.USBD_FS_USR_BOSDescriptor
                0x080075d0       0x24 ./USB_DEVICE/App/usbd_desc.o
                0x080075d0                USBD_FS_USR_BOSDescriptor
 .text.Get_SerialNum
                0x080075f4       0x58 ./USB_DEVICE/App/usbd_desc.o
 .text.IntToUnicode
                0x0800764c       0x7e ./USB_DEVICE/App/usbd_desc.o
 *fill*         0x080076ca        0x2 
 .text.HAL_PCD_MspInit
                0x080076cc       0xc4 ./USB_DEVICE/Target/usbd_conf.o
                0x080076cc                HAL_PCD_MspInit
 .text.HAL_PCD_SetupStageCallback
                0x08007790       0x24 ./USB_DEVICE/Target/usbd_conf.o
                0x08007790                HAL_PCD_SetupStageCallback
 .text.HAL_PCD_DataOutStageCallback
                0x080077b4       0x36 ./USB_DEVICE/Target/usbd_conf.o
                0x080077b4                HAL_PCD_DataOutStageCallback
 .text.HAL_PCD_DataInStageCallback
                0x080077ea       0x34 ./USB_DEVICE/Target/usbd_conf.o
                0x080077ea                HAL_PCD_DataInStageCallback
 .text.HAL_PCD_SOFCallback
                0x0800781e       0x1c ./USB_DEVICE/Target/usbd_conf.o
                0x0800781e                HAL_PCD_SOFCallback
 .text.HAL_PCD_ResetCallback
                0x0800783a       0x3c ./USB_DEVICE/Target/usbd_conf.o
                0x0800783a                HAL_PCD_ResetCallback
 *fill*         0x08007876        0x2 
 .text.HAL_PCD_SuspendCallback
                0x08007878       0x34 ./USB_DEVICE/Target/usbd_conf.o
                0x08007878                HAL_PCD_SuspendCallback
 .text.HAL_PCD_ResumeCallback
                0x080078ac       0x38 ./USB_DEVICE/Target/usbd_conf.o
                0x080078ac                HAL_PCD_ResumeCallback
 .text.USBD_LL_Init
                0x080078e4       0xc4 ./USB_DEVICE/Target/usbd_conf.o
                0x080078e4                USBD_LL_Init
 .text.USBD_LL_Start
                0x080079a8       0x64 ./USB_DEVICE/Target/usbd_conf.o
                0x080079a8                USBD_LL_Start
 .text.USBD_LL_OpenEP
                0x08007a0c       0x7c ./USB_DEVICE/Target/usbd_conf.o
                0x08007a0c                USBD_LL_OpenEP
 .text.USBD_LL_CloseEP
                0x08007a88       0x6c ./USB_DEVICE/Target/usbd_conf.o
                0x08007a88                USBD_LL_CloseEP
 .text.USBD_LL_StallEP
                0x08007af4       0x6c ./USB_DEVICE/Target/usbd_conf.o
                0x08007af4                USBD_LL_StallEP
 .text.USBD_LL_ClearStallEP
                0x08007b60       0x6c ./USB_DEVICE/Target/usbd_conf.o
                0x08007b60                USBD_LL_ClearStallEP
 .text.USBD_LL_IsStallEP
                0x08007bcc       0x58 ./USB_DEVICE/Target/usbd_conf.o
                0x08007bcc                USBD_LL_IsStallEP
 .text.USBD_LL_SetUSBAddress
                0x08007c24       0x6c ./USB_DEVICE/Target/usbd_conf.o
                0x08007c24                USBD_LL_SetUSBAddress
 .text.USBD_LL_Transmit
                0x08007c90       0x70 ./USB_DEVICE/Target/usbd_conf.o
                0x08007c90                USBD_LL_Transmit
 .text.USBD_LL_PrepareReceive
                0x08007d00       0x70 ./USB_DEVICE/Target/usbd_conf.o
                0x08007d00                USBD_LL_PrepareReceive
 .text.USBD_LL_GetRxDataSize
                0x08007d70       0x26 ./USB_DEVICE/Target/usbd_conf.o
                0x08007d70                USBD_LL_GetRxDataSize
 *fill*         0x08007d96        0x2 
 .text.HAL_PCDEx_LPM_Callback
                0x08007d98       0x6c ./USB_DEVICE/Target/usbd_conf.o
                0x08007d98                HAL_PCDEx_LPM_Callback
 .text.USBD_static_malloc
                0x08007e04       0x1c ./USB_DEVICE/Target/usbd_conf.o
                0x08007e04                USBD_static_malloc
 .text.USBD_static_free
                0x08007e20       0x14 ./USB_DEVICE/Target/usbd_conf.o
                0x08007e20                USBD_static_free
 .text.SystemClockConfig_Resume
                0x08007e34        0xc ./USB_DEVICE/Target/usbd_conf.o
 .text.memset   0x08007e40       0x10 /opt/st/stm32cubeide_2.0.0/plugins/com.st.stm32cube.ide.mcu.externaltools.gnu-tools-for-stm32.13.3.rel1.linux64_1.0.100.202509120712/tools/bin/../lib/gcc/arm-none-eabi/13.3.1/../../../../arm-none-eabi/lib/thumb/v7e-m+fp/hard/libc_nano.a(libc_a-memset.o)
                0x08007e40                memset
 .text.__libc_init_array
                0x08007e50       0x48 /opt/st/stm32cubeide_2.0.0/plugins/com.st.stm32cube.ide.mcu.externaltools.gnu-tools-for-stm32.13.3.rel1.linux64_1.0.100.202509120712/tools/bin/../lib/gcc/arm-none-eabi/13.3.1/../../../../arm-none-eabi/lib/thumb/v7e-m+fp/hard/libc_nano.a(libc_a-init.o)
                0x08007e50                __libc_init_array
 *(.glue_7)
 .glue_7        0x08007e98        0x0 linker stubs
 *(.glue_7t)
 .glue_7t       0x08007e98        0x0 linker stubs
 *(.eh_frame)
 .eh_frame      0x08007e98        0x0 /opt/st/stm32cubeide_2.0.0/plugins/com.st.stm32cube.ide.mcu.externaltools.gnu-tools-for-stm32.13.3.rel1.linux64_1.0.100.202509120712/tools/bin/../lib/gcc/arm-none-eabi/13.3.1/thumb/v7e-m+fp/hard/crtbegin.o
 *(.init)
 .init          0x08007e98        0x4 /opt/st/stm32cubeide_2.0.0/plugins/com.st.stm32cube.ide.mcu.externaltools.gnu-tools-for-stm32.13.3.rel1.linux64_1.0.100.202509120712/tools/bin/../lib/gcc/arm-none-eabi/13.3.1/thumb/v7e-m+fp/hard/crti.o
                0x08007e98                _init
 .init          0x08007e9c        0x8 /opt/st/stm32cubeide_2.0.0/plugins/com.st.stm32cube.ide.mcu.externaltools.gnu-tools-for-stm32.13.3.rel1.linux64_1.0.100.202509120712/tools/bin/../lib/gcc/arm-none-eabi/13.3.1/thumb/v7e-m+fp/hard/crtn.o
 *(.fini)
 .fini          0x08007ea4        0x4 /opt/st/stm32cubeide_2.0.0/plugins/com.st.stm32cube.ide.mcu.externaltools.gnu-tools-for-stm32.13.3.rel1.linux64_1.0.100.202509120712/tools/bin/../lib/gcc/arm-none-eabi/13.3.1/thumb/v7e-m+fp/hard/crti.o
                0x08007ea4                _fini
 .fini          0x08007ea8        0x8 /opt/st/stm32cubeide_2.0.0/plugins/com.st.stm32cube.ide.mcu.externaltools.gnu-tools-for-stm32.13.3.rel1.linux64_1.0.100.202509120712/tools/bin/../lib/gcc/arm-none-eabi/13.3.1/thumb/v7e-m+fp/hard/crtn.o
                0x08007eb0                        . = ALIGN (0x4)
                0x08007eb0                        _etext = .

.vfp11_veneer   0x08007eb0        0x0
 .vfp11_veneer  0x08007eb0        0x0 linker stubs

.v4_bx          0x08007eb0        0x0
 .v4_bx         0x08007eb0        0x0 linker stubs

.iplt           0x08007eb0        0x0
 .iplt          0x08007eb0        0x0 /opt/st/stm32cubeide_2.0.0/plugins/com.st.stm32cube.ide.mcu.externaltools.gnu-tools-for-stm32.13.3.rel1.linux64_1.0.100.202509120712/tools/bin/../lib/gcc/arm-none-eabi/13.3.1/thumb/v7e-m+fp/hard/crtbegin.o

.rodata         0x08007eb0       0x88
                0x08007eb0                        . = ALIGN (0x4)
 *(.rodata)
 .rodata        0x08007eb0       0x46 ./USB_DEVICE/App/usbd_desc.o
 *(.rodata*)
 *fill*         0x08007ef6        0x2 
 .rodata.AHBPrescTable
                0x08007ef8       0x10 ./Core/Src/system_stm32l4xx.o
                0x08007ef8                AHBPrescTable
 .rodata.MSIRangeTable
                0x08007f08       0x30 ./Core/Src/system_stm32l4xx.o
                0x08007f08                MSIRangeTable
                0x08007f38                        . = ALIGN (0x4)

.ARM.extab      0x08007f38        0x0
                0x08007f38                        . = ALIGN (0x4)
 *(.ARM.extab* .gnu.linkonce.armextab.*)
                0x08007f38                        . = ALIGN (0x4)

.ARM            0x08007f38        0x0
                0x08007f38                        . = ALIGN (0x4)
                0x08007f38                        __exidx_start = .
 *(.ARM.exidx*)
                0x08007f38                        __exidx_end = .
                0x08007f38                        . = ALIGN (0x4)

.preinit_array  0x08007f38        0x0
                0x08007f38                        . = ALIGN (0x4)
                0x08007f38                        PROVIDE (__preinit_array_start = .)
 *(.preinit_array*)
                0x08007f38                        PROVIDE (__preinit_array_end = .)
                0x08007f38                        . = ALIGN (0x4)

.init_array     0x08007f38        0x4
                0x08007f38                        . = ALIGN (0x4)
                0x08007f38                        PROVIDE (__init_array_start = .)
 *(SORT_BY_NAME(.init_array.*))
 *(.init_array*)
 .init_array    0x08007f38        0x4 /opt/st/stm32cubeide_2.0.0/plugins/com.st.stm32cube.ide.mcu.externaltools.gnu-tools-for-stm32.13.3.rel1.linux64_1.0.100.202509120712/tools/bin/../lib/gcc/arm-none-eabi/13.3.1/thumb/v7e-m+fp/hard/crtbegin.o
                0x08007f3c                        PROVIDE (__init_array_end = .)
                0x08007f3c                        . = ALIGN (0x4)

.fini_array     0x08007f3c        0x4
                0x08007f3c                        . = ALIGN (0x4)
                [!provide]                        PROVIDE (__fini_array_start = .)
 *(SORT_BY_NAME(.fini_array.*))
 *(.fini_array*)
 .fini_array    0x08007f3c        0x4 /opt/st/stm32cubeide_2.0.0/plugins/com.st.stm32cube.ide.mcu.externaltools.gnu-tools-for-stm32.13.3.rel1.linux64_1.0.100.202509120712/tools/bin/../lib/gcc/arm-none-eabi/13.3.1/thumb/v7e-m+fp/hard/crtbegin.o
                [!provide]                        PROVIDE (__fini_array_end = .)
                0x08007f40                        . = ALIGN (0x4)
                0x08007f40                        _sidata = LOADADDR (.data)

.rel.dyn        0x08007f40        0x0
 .rel.iplt      0x08007f40        0x0 /opt/st/stm32cubeide_2.0.0/plugins/com.st.stm32cube.ide.mcu.externaltools.gnu-tools-for-stm32.13.3.rel1.linux64_1.0.100.202509120712/tools/bin/../lib/gcc/arm-none-eabi/13.3.1/thumb/v7e-m+fp/hard/crtbegin.o

.data           0x20000000      0x10c load address 0x08007f40
                0x20000000                        . = ALIGN (0x4)
                0x20000000                        _sdata = .
 *(.data)
 *(.data*)
 .data.SystemCoreClock
                0x20000000        0x4 ./Core/Src/system_stm32l4xx.o
                0x20000000                SystemCoreClock
 .data.uwTickPrio
                0x20000004        0x4 ./Drivers/STM32L4xx_HAL_Driver/Src/stm32l4xx_hal.o
                0x20000004                uwTickPrio
 .data.uwTickFreq
                0x20000008        0x1 ./Drivers/STM32L4xx_HAL_Driver/Src/stm32l4xx_hal.o
                0x20000008                uwTickFreq
 *fill*         0x20000009        0x3 
 .data.USBD_CDC_DeviceQualifierDesc
                0x2000000c        0xa ./Middlewares/ST/STM32_USB_Device_Library/Class/CDC/Src/usbd_cdc.o
 *fill*         0x20000016        0x2 
 .data.USBD_CDC
                0x20000018       0x38 ./Middlewares/ST/STM32_USB_Device_Library/Class/CDC/Src/usbd_cdc.o
                0x20000018                USBD_CDC
 .data.USBD_CDC_CfgDesc
                0x20000050       0x43 ./Middlewares/ST/STM32_USB_Device_Library/Class/CDC/Src/usbd_cdc.o
 .data.CDCInEpAdd
                0x20000093        0x1 ./Middlewares/ST/STM32_USB_Device_Library/Class/CDC/Src/usbd_cdc.o
 .data.CDCOutEpAdd
                0x20000094        0x1 ./Middlewares/ST/STM32_USB_Device_Library/Class/CDC/Src/usbd_cdc.o
 .data.CDCCmdEpAdd
                0x20000095        0x1 ./Middlewares/ST/STM32_USB_Device_Library/Class/CDC/Src/usbd_cdc.o
 *fill*         0x20000096        0x2 
 .data.USBD_Interface_fops_FS
                0x20000098       0x14 ./USB_DEVICE/App/usbd_cdc_if.o
                0x20000098                USBD_Interface_fops_FS
 .data.FS_Desc  0x200000ac       0x20 ./USB_DEVICE/App/usbd_desc.o
                0x200000ac                FS_Desc
 .data.USBD_FS_DeviceDesc
                0x200000cc       0x12 ./USB_DEVICE/App/usbd_desc.o
                0x200000cc                USBD_FS_DeviceDesc
 *fill*         0x200000de        0x2 
 .data.USBD_FS_BOSDesc
                0x200000e0        0xc ./USB_DEVICE/App/usbd_desc.o
                0x200000e0                USBD_FS_BOSDesc
 .data.USBD_LangIDDesc
                0x200000ec        0x4 ./USB_DEVICE/App/usbd_desc.o
                0x200000ec                USBD_LangIDDesc
 .data.USBD_StringSerial
                0x200000f0       0x1a ./USB_DEVICE/App/usbd_desc.o
                0x200000f0                USBD_StringSerial
 *(.RamFunc)
 *(.RamFunc*)
                0x2000010c                        . = ALIGN (0x4)
 *fill*         0x2000010a        0x2 
                0x2000010c                        _edata = .

.igot.plt       0x2000010c        0x0 load address 0x0800804c
 .igot.plt      0x2000010c        0x0 /opt/st/stm32cubeide_2.0.0/plugins/com.st.stm32cube.ide.mcu.externaltools.gnu-tools-for-stm32.13.3.rel1.linux64_1.0.100.202509120712/tools/bin/../lib/gcc/arm-none-eabi/13.3.1/thumb/v7e-m+fp/hard/crtbegin.o
                0x2000010c                        . = ALIGN (0x4)

.bss            0x2000010c     0x1200 load address 0x0800804c
                0x2000010c                        _sbss = .
                0x2000010c                        __bss_start__ = _sbss
 *(.bss)
 .bss           0x2000010c       0x1c /opt/st/stm32cubeide_2.0.0/plugins/com.st.stm32cube.ide.mcu.externaltools.gnu-tools-for-stm32.13.3.rel1.linux64_1.0.100.202509120712/tools/bin/../lib/gcc/arm-none-eabi/13.3.1/thumb/v7e-m+fp/hard/crtbegin.o
 *(.bss*)
 .bss.uwTick    0x20000128        0x4 ./Drivers/STM32L4xx_HAL_Driver/Src/stm32l4xx_hal.o
                0x20000128                uwTick
 .bss.cfgidx.0  0x2000012c        0x1 ./Middlewares/ST/STM32_USB_Device_Library/Core/Src/usbd_ctlreq.o
 *fill*         0x2000012d        0x3 
 .bss.hUsbDeviceFS
                0x20000130      0x2dc ./USB_DEVICE/App/usb_device.o
                0x20000130                hUsbDeviceFS
 .bss.UserRxBufferFS
                0x2000040c      0x400 ./USB_DEVICE/App/usbd_cdc_if.o
                0x2000040c                UserRxBufferFS
 .bss.UserTxBufferFS
                0x2000080c      0x400 ./USB_DEVICE/App/usbd_cdc_if.o
                0x2000080c                UserTxBufferFS
 .bss.USBD_StrDesc
                0x20000c0c      0x200 ./USB_DEVICE/App/usbd_desc.o
                0x20000c0c                USBD_StrDesc
 .bss.hpcd_USB_FS
                0x20000e0c      0x2e0 ./USB_DEVICE/Target/usbd_conf.o
                0x20000e0c                hpcd_USB_FS
 .bss.mem.0     0x200010ec      0x220 ./USB_DEVICE/Target/usbd_conf.o
 *(COMMON)
                0x2000130c                        . = ALIGN (0x4)
                0x2000130c                        _ebss = .
                0x2000130c                        __bss_end__ = _ebss

._user_heap_stack
                0x2000130c      0xc04 load address 0x0800804c
                0x20001310                        . = ALIGN (0x8)
 *fill*         0x2000130c        0x4 
                [!provide]                        PROVIDE (end = .)
                0x20001310                        PROVIDE (_end = .)
                0x20001910                        . = (. + _Min_Heap_Size)
 *fill*         0x20001310      0x600 
                0x20001f10                        . = (. + _Min_Stack_Size)
 *fill*         0x20001910      0x600 
                0x20001f10                        . = ALIGN (0x8)

/DISCARD/
 libc.a(*)
 libm.a(*)
 libgcc.a(*)

.ARM.attributes
                0x00000000       0x30
 *(.ARM.attributes)
 .ARM.attributes
                0x00000000       0x22 /opt/st/stm32cubeide_2.0.0/plugins/com.st.stm32cube.ide.mcu.externaltools.gnu-tools-for-stm32.13.3.rel1.linux64_1.0.100.202509120712/tools/bin/../lib/gcc/arm-none-eabi/13.3.1/thumb/v7e-m+fp/hard/crti.o
 .ARM.attributes
                0x00000022       0x34 /opt/st/stm32cubeide_2.0.0/plugins/com.st.stm32cube.ide.mcu.externaltools.gnu-tools-for-stm32.13.3.rel1.linux64_1.0.100.202509120712/tools/bin/../lib/gcc/arm-none-eabi/13.3.1/thumb/v7e-m+fp/hard/crtbegin.o
 .ARM.attributes
                0x00000056       0x34 ./Core/Src/main.o
 .ARM.attributes
                0x0000008a       0x34 ./Core/Src/stm32l4xx_hal_msp.o
 .ARM.attributes
                0x000000be       0x34 ./Core/Src/stm32l4xx_it.o
 .ARM.attributes
                0x000000f2       0x34 ./Core/Src/system_stm32l4xx.o
 .ARM.attributes
                0x00000126       0x21 ./Core/Startup/startup_stm32l412cbtx.o
 .ARM.attributes
                0x00000147       0x34 ./Drivers/STM32L4xx_HAL_Driver/Src/stm32l4xx_hal.o
 .ARM.attributes
                0x0000017b       0x34 ./Drivers/STM32L4xx_HAL_Driver/Src/stm32l4xx_hal_cortex.o
 .ARM.attributes
                0x000001af       0x34 ./Drivers/STM32L4xx_HAL_Driver/Src/stm32l4xx_hal_gpio.o
 .ARM.attributes
                0x000001e3       0x34 ./Drivers/STM32L4xx_HAL_Driver/Src/stm32l4xx_hal_pcd.o
 .ARM.attributes
                0x00000217       0x34 ./Drivers/STM32L4xx_HAL_Driver/Src/stm32l4xx_hal_pcd_ex.o
 .ARM.attributes
                0x0000024b       0x34 ./Drivers/STM32L4xx_HAL_Driver/Src/stm32l4xx_hal_pwr_ex.o
 .ARM.attributes
                0x0000027f       0x34 ./Drivers/STM32L4xx_HAL_Driver/Src/stm32l4xx_hal_rcc.o
 .ARM.attributes
                0x000002b3       0x34 ./Drivers/STM32L4xx_HAL_Driver/Src/stm32l4xx_hal_rcc_ex.o
 .ARM.attributes
                0x000002e7       0x34 ./Drivers/STM32L4xx_HAL_Driver/Src/stm32l4xx_ll_usb.o
 .ARM.attributes
                0x0000031b       0x34 ./Middlewares/ST/STM32_USB_Device_Library/Class/CDC/Src/usbd_cdc.o
 .ARM.attributes
                0x0000034f       0x34 ./Middlewares/ST/STM32_USB_Device_Library/Core/Src/usbd_core.o
 .ARM.attributes
                0x00000383       0x34 ./Middlewares/ST/STM32_USB_Device_Library/Core/Src/usbd_ctlreq.o
 .ARM.attributes
                0x000003b7       0x34 ./Middlewares/ST/STM32_USB_Device_Library/Core/Src/usbd_ioreq.o
 .ARM.attributes
                0x000003eb       0x34 ./USB_DEVICE/App/usb_device.o
 .ARM.attributes
                0x0000041f       0x34 ./USB_DEVICE/App/usbd_cdc_if.o
 .ARM.attributes
                0x00000453       0x34 ./USB_DEVICE/App/usbd_desc.o
 .ARM.attributes
                0x00000487       0x34 ./USB_DEVICE/Target/usbd_conf.o
 .ARM.attributes
                0x000004bb       0x34 /opt/st/stm32cubeide_2.0.0/plugins/com.st.stm32cube.ide.mcu.externaltools.gnu-tools-for-stm32.13.3.rel1.linux64_1.0.100.202509120712/tools/bin/../lib/gcc/arm-none-eabi/13.3.1/../../../../arm-none-eabi/lib/thumb/v7e-m+fp/hard/libc_nano.a(libc_a-memset.o)
 .ARM.attributes
                0x000004ef       0x34 /opt/st/stm32cubeide_2.0.0/plugins/com.st.stm32cube.ide.mcu.externaltools.gnu-tools-for-stm32.13.3.rel1.linux64_1.0.100.202509120712/tools/bin/../lib/gcc/arm-none-eabi/13.3.1/../../../../arm-none-eabi/lib/thumb/v7e-m+fp/hard/libc_nano.a(libc_a-init.o)
 .ARM.attributes
                0x00000523       0x22 /opt/st/stm32cubeide_2.0.0/plugins/com.st.stm32cube.ide.mcu.externaltools.gnu-tools-for-stm32.13.3.rel1.linux64_1.0.100.202509120712/tools/bin/../lib/gcc/arm-none-eabi/13.3.1/thumb/v7e-m+fp/hard/crtn.o
OUTPUT(SysMon.elf elf32-littlearm)
LOAD linker stubs
LOAD /opt/st/stm32cubeide_2.0.0/plugins/com.st.stm32cube.ide.mcu.externaltools.gnu-tools-for-stm32.13.3.rel1.linux64_1.0.100.202509120712/tools/bin/../lib/gcc/arm-none-eabi/13.3.1/../../../../arm-none-eabi/lib/thumb/v7e-m+fp/hard/libc.a
LOAD /opt/st/stm32cubeide_2.0.0/plugins/com.st.stm32cube.ide.mcu.externaltools.gnu-tools-for-stm32.13.3.rel1.linux64_1.0.100.202509120712/tools/bin/../lib/gcc/arm-none-eabi/13.3.1/../../../../arm-none-eabi/lib/thumb/v7e-m+fp/hard/libm.a
LOAD /opt/st/stm32cubeide_2.0.0/plugins/com.st.stm32cube.ide.mcu.externaltools.gnu-tools-for-stm32.13.3.rel1.linux64_1.0.100.202509120712/tools/bin/../lib/gcc/arm-none-eabi/13.3.1/thumb/v7e-m+fp/hard/libgcc.a

.debug_info     0x00000000     0xf678
 .debug_info    0x00000000      0x733 ./Core/Src/main.o
 .debug_info    0x00000733      0x30d ./Core/Src/stm32l4xx_hal_msp.o
 .debug_info    0x00000a40      0x678 ./Core/Src/stm32l4xx_it.o
 .debug_info    0x000010b8      0x5f0 ./Core/Src/system_stm32l4xx.o
 .debug_info    0x000016a8       0x30 ./Core/Startup/startup_stm32l412cbtx.o
 .debug_info    0x000016d8      0x9c6 ./Drivers/STM32L4xx_HAL_Driver/Src/stm32l4xx_hal.o
 .debug_info    0x0000209e      0xd17 ./Drivers/STM32L4xx_HAL_Driver/Src/stm32l4xx_hal_cortex.o
 .debug_info    0x00002db5      0x79f ./Drivers/STM32L4xx_HAL_Driver/Src/stm32l4xx_hal_gpio.o
 .debug_info    0x00003554     0x1727 ./Drivers/STM32L4xx_HAL_Driver/Src/stm32l4xx_hal_pcd.o
 .debug_info    0x00004c7b      0x861 ./Drivers/STM32L4xx_HAL_Driver/Src/stm32l4xx_hal_pcd_ex.o
 .debug_info    0x000054dc      0x994 ./Drivers/STM32L4xx_HAL_Driver/Src/stm32l4xx_hal_pwr_ex.o
 .debug_info    0x00005e70      0xc11 ./Drivers/STM32L4xx_HAL_Driver/Src/stm32l4xx_hal_rcc.o
 .debug_info    0x00006a81      0xd2b ./Drivers/STM32L4xx_HAL_Driver/Src/stm32l4xx_hal_rcc_ex.o
 .debug_info    0x000077ac     0x1716 ./Drivers/STM32L4xx_HAL_Driver/Src/stm32l4xx_ll_usb.o
 .debug_info    0x00008ec2     0x1322 ./Middlewares/ST/STM32_USB_Device_Library/Class/CDC/Src/usbd_cdc.o
 .debug_info    0x0000a1e4      0xe4b ./Middlewares/ST/STM32_USB_Device_Library/Core/Src/usbd_core.o
 .debug_info    0x0000b02f      0xb24 ./Middlewares/ST/STM32_USB_Device_Library/Core/Src/usbd_ctlreq.o
 .debug_info    0x0000bb53      0x79b ./Middlewares/ST/STM32_USB_Device_Library/Core/Src/usbd_ioreq.o
 .debug_info    0x0000c2ee      0x747 ./USB_DEVICE/App/usb_device.o
 .debug_info    0x0000ca35      0x940 ./USB_DEVICE/App/usbd_cdc_if.o
 .debug_info    0x0000d375      0x4e6 ./USB_DEVICE/App/usbd_desc.o
 .debug_info    0x0000d85b     0x1e1d ./USB_DEVICE/Target/usbd_conf.o

.debug_abbrev   0x00000000     0x2e7f
 .debug_abbrev  0x00000000      0x20e ./Core/Src/main.o
 .debug_abbrev  0x0000020e       0xdd ./Core/Src/stm32l4xx_hal_msp.o
 .debug_abbrev  0x000002eb      0x1aa ./Core/Src/stm32l4xx_it.o
 .debug_abbrev  0x00000495      0x117 ./Core/Src/system_stm32l4xx.o
 .debug_abbrev  0x000005ac       0x24 ./Core/Startup/startup_stm32l412cbtx.o
 .debug_abbrev  0x000005d0      0x257 ./Drivers/STM32L4xx_HAL_Driver/Src/stm32l4xx_hal.o
 .debug_abbrev  0x00000827      0x31c ./Drivers/STM32L4xx_HAL_Driver/Src/stm32l4xx_hal_cortex.o
 .debug_abbrev  0x00000b43      0x1d1 ./Drivers/STM32L4xx_HAL_Driver/Src/stm32l4xx_hal_gpio.o
 .debug_abbrev  0x00000d14      0x2f9 ./Drivers/STM32L4xx_HAL_Driver/Src/stm32l4xx_hal_pcd.o
 .debug_abbrev  0x0000100d      0x200 ./Drivers/STM32L4xx_HAL_Driver/Src/stm32l4xx_hal_pcd_ex.o
 .debug_abbrev  0x0000120d      0x1f9 ./Drivers/STM32L4xx_HAL_Driver/Src/stm32l4xx_hal_pwr_ex.o
 .debug_abbrev  0x00001406      0x2e7 ./Drivers/STM32L4xx_HAL_Driver/Src/stm32l4xx_hal_rcc.o
 .debug_abbrev  0x000016ed      0x26c ./Drivers/STM32L4xx_HAL_Driver/Src/stm32l4xx_hal_rcc_ex.o
 .debug_abbrev  0x00001959      0x1ef ./Drivers/STM32L4xx_HAL_Driver/Src/stm32l4xx_ll_usb.o
 .debug_abbrev  0x00001b48      0x2db ./Middlewares/ST/STM32_USB_Device_Library/Class/CDC/Src/usbd_cdc.o
 .debug_abbrev  0x00001e23      0x294 ./Middlewares/ST/STM32_USB_Device_Library/Core/Src/usbd_core.o
 .debug_abbrev  0x000020b7      0x276 ./Middlewares/ST/STM32_USB_Device_Library/Core/Src/usbd_ctlreq.o
 .debug_abbrev  0x0000232d      0x1b2 ./Middlewares/ST/STM32_USB_Device_Library/Core/Src/usbd_ioreq.o
 .debug_abbrev  0x000024df      0x1ad ./USB_DEVICE/App/usb_device.o
 .debug_abbrev  0x0000268c      0x2b5 ./USB_DEVICE/App/usbd_cdc_if.o
 .debug_abbrev  0x00002941      0x1fb ./USB_DEVICE/App/usbd_desc.o
 .debug_abbrev  0x00002b3c      0x343 ./USB_DEVICE/Target/usbd_conf.o

.debug_aranges  0x00000000      0xcf8
 .debug_aranges
                0x00000000       0x38 ./Core/Src/main.o
 .debug_aranges
                0x00000038       0x20 ./Core/Src/stm32l4xx_hal_msp.o
 .debug_aranges
                0x00000058       0x68 ./Core/Src/stm32l4xx_it.o
 .debug_aranges
                0x000000c0       0x28 ./Core/Src/system_stm32l4xx.o
 .debug_aranges
                0x000000e8       0x28 ./Core/Startup/startup_stm32l412cbtx.o
 .debug_aranges
                0x00000110      0x108 ./Drivers/STM32L4xx_HAL_Driver/Src/stm32l4xx_hal.o
 .debug_aranges
                0x00000218      0x128 ./Drivers/STM32L4xx_HAL_Driver/Src/stm32l4xx_hal_cortex.o
 .debug_aranges
                0x00000340       0x58 ./Drivers/STM32L4xx_HAL_Driver/Src/stm32l4xx_hal_gpio.o
 .debug_aranges
                0x00000398      0x138 ./Drivers/STM32L4xx_HAL_Driver/Src/stm32l4xx_hal_pcd.o
 .debug_aranges
                0x000004d0       0x58 ./Drivers/STM32L4xx_HAL_Driver/Src/stm32l4xx_hal_pcd_ex.o
 .debug_aranges
                0x00000528      0x148 ./Drivers/STM32L4xx_HAL_Driver/Src/stm32l4xx_hal_pwr_ex.o
 .debug_aranges
                0x00000670       0x90 ./Drivers/STM32L4xx_HAL_Driver/Src/stm32l4xx_hal_rcc.o
 .debug_aranges
                0x00000700       0xd0 ./Drivers/STM32L4xx_HAL_Driver/Src/stm32l4xx_hal_rcc_ex.o
 .debug_aranges
                0x000007d0       0xf8 ./Drivers/STM32L4xx_HAL_Driver/Src/stm32l4xx_ll_usb.o
 .debug_aranges
                0x000008c8       0x90 ./Middlewares/ST/STM32_USB_Device_Library/Class/CDC/Src/usbd_cdc.o
 .debug_aranges
                0x00000958       0xd8 ./Middlewares/ST/STM32_USB_Device_Library/Core/Src/usbd_core.o
 .debug_aranges
                0x00000a30       0x90 ./Middlewares/ST/STM32_USB_Device_Library/Core/Src/usbd_ctlreq.o
 .debug_aranges
                0x00000ac0       0x50 ./Middlewares/ST/STM32_USB_Device_Library/Core/Src/usbd_ioreq.o
 .debug_aranges
                0x00000b10       0x20 ./USB_DEVICE/App/usb_device.o
 .debug_aranges
                0x00000b30       0x48 ./USB_DEVICE/App/usbd_cdc_if.o
 .debug_aranges
                0x00000b78       0x68 ./USB_DEVICE/App/usbd_desc.o
 .debug_aranges
                0x00000be0      0x118 ./USB_DEVICE/Target/usbd_conf.o

.debug_rnglists
                0x00000000      0x98c
 .debug_rnglists
                0x00000000       0x27 ./Core/Src/main.o
 .debug_rnglists
                0x00000027       0x13 ./Core/Src/stm32l4xx_hal_msp.o
 .debug_rnglists
                0x0000003a       0x49 ./Core/Src/stm32l4xx_it.o
 .debug_rnglists
                0x00000083       0x1a ./Core/Src/system_stm32l4xx.o
 .debug_rnglists
                0x0000009d       0x19 ./Core/Startup/startup_stm32l412cbtx.o
 .debug_rnglists
                0x000000b6       0xc1 ./Drivers/STM32L4xx_HAL_Driver/Src/stm32l4xx_hal.o
 .debug_rnglists
                0x00000177       0xda ./Drivers/STM32L4xx_HAL_Driver/Src/stm32l4xx_hal_cortex.o
 .debug_rnglists
                0x00000251       0x3f ./Drivers/STM32L4xx_HAL_Driver/Src/stm32l4xx_hal_gpio.o
 .debug_rnglists
                0x00000290       0xee ./Drivers/STM32L4xx_HAL_Driver/Src/stm32l4xx_hal_pcd.o
 .debug_rnglists
                0x0000037e       0x3f ./Drivers/STM32L4xx_HAL_Driver/Src/stm32l4xx_hal_pcd_ex.o
 .debug_rnglists
                0x000003bd       0xf7 ./Drivers/STM32L4xx_HAL_Driver/Src/stm32l4xx_hal_pwr_ex.o
 .debug_rnglists
                0x000004b4       0x6d ./Drivers/STM32L4xx_HAL_Driver/Src/stm32l4xx_hal_rcc.o
 .debug_rnglists
                0x00000521       0x9f ./Drivers/STM32L4xx_HAL_Driver/Src/stm32l4xx_hal_rcc_ex.o
 .debug_rnglists
                0x000005c0       0xbd ./Drivers/STM32L4xx_HAL_Driver/Src/stm32l4xx_ll_usb.o
 .debug_rnglists
                0x0000067d       0x6c ./Middlewares/ST/STM32_USB_Device_Library/Class/CDC/Src/usbd_cdc.o
 .debug_rnglists
                0x000006e9       0xa1 ./Middlewares/ST/STM32_USB_Device_Library/Core/Src/usbd_core.o
 .debug_rnglists
                0x0000078a       0x6e ./Middlewares/ST/STM32_USB_Device_Library/Core/Src/usbd_ctlreq.o
 .debug_rnglists
                0x000007f8       0x37 ./Middlewares/ST/STM32_USB_Device_Library/Core/Src/usbd_ioreq.o
 .debug_rnglists
                0x0000082f       0x13 ./USB_DEVICE/App/usb_device.o
 .debug_rnglists
                0x00000842       0x32 ./USB_DEVICE/App/usbd_cdc_if.o
 .debug_rnglists
                0x00000874       0x49 ./USB_DEVICE/App/usbd_desc.o
 .debug_rnglists
                0x000008bd       0xcf ./USB_DEVICE/Target/usbd_conf.o

.debug_macro    0x00000000    0x1b8fd
 .debug_macro   0x00000000      0x338 ./Core/Src/main.o
 .debug_macro   0x00000338      0xad8 ./Core/Src/main.o
 .debug_macro   0x00000e10      0x1a1 ./Core/Src/main.o
 .debug_macro   0x00000fb1       0x2e ./Core/Src/main.o
 .debug_macro   0x00000fdf       0x28 ./Core/Src/main.o
 .debug_macro   0x00001007       0x22 ./Core/Src/main.o
 .debug_macro   0x00001029       0x8e ./Core/Src/main.o
 .debug_macro   0x000010b7       0x51 ./Core/Src/main.o
 .debug_macro   0x00001108      0x103 ./Core/Src/main.o
 .debug_macro   0x0000120b       0x6a ./Core/Src/main.o
 .debug_macro   0x00001275      0x1df ./Core/Src/main.o
 .debug_macro   0x00001454       0x1c ./Core/Src/main.o
 .debug_macro   0x00001470       0x22 ./Core/Src/main.o
 .debug_macro   0x00001492       0xfb ./Core/Src/main.o
 .debug_macro   0x0000158d     0x1011 ./Core/Src/main.o
 .debug_macro   0x0000259e      0x11f ./Core/Src/main.o
 .debug_macro   0x000026bd     0xe4b1 ./Core/Src/main.o
 .debug_macro   0x00010b6e       0x6d ./Core/Src/main.o
 .debug_macro   0x00010bdb     0x38f4 ./Core/Src/main.o
 .debug_macro   0x000144cf      0x190 ./Core/Src/main.o
 .debug_macro   0x0001465f       0x5c ./Core/Src/main.o
 .debug_macro   0x000146bb     0x105e ./Core/Src/main.o
 .debug_macro   0x00015719      0x49b ./Core/Src/main.o
 .debug_macro   0x00015bb4      0x1b9 ./Core/Src/main.o
 .debug_macro   0x00015d6d       0xd7 ./Core/Src/main.o
 .debug_macro   0x00015e44      0x2c4 ./Core/Src/main.o
 .debug_macro   0x00016108      0x27a ./Core/Src/main.o
 .debug_macro   0x00016382      0x23d ./Core/Src/main.o
 .debug_macro   0x000165bf      0x21c ./Core/Src/main.o
 .debug_macro   0x000167db      0x375 ./Core/Src/main.o
 .debug_macro   0x00016b50       0xd6 ./Core/Src/main.o
 .debug_macro   0x00016c26       0xb7 ./Core/Src/main.o
 .debug_macro   0x00016cdd      0x22d ./Core/Src/main.o
 .debug_macro   0x00016f0a      0x122 ./Core/Src/main.o
 .debug_macro   0x0001702c      0x364 ./Core/Src/main.o
 .debug_macro   0x00017390      0x220 ./Core/Src/main.o
 .debug_macro   0x000175b0       0x61 ./Core/Src/main.o
 .debug_macro   0x00017611       0x2a ./Core/Src/main.o
 .debug_macro   0x0001763b       0x43 ./Core/Src/main.o
 .debug_macro   0x0001767e       0x34 ./Core/Src/main.o
 .debug_macro   0x000176b2       0x16 ./Core/Src/main.o
 .debug_macro   0x000176c8       0x3c ./Core/Src/main.o
 .debug_macro   0x00017704      0x370 ./Core/Src/main.o
 .debug_macro   0x00017a74       0x10 ./Core/Src/main.o
 .debug_macro   0x00017a84       0x16 ./Core/Src/main.o
 .debug_macro   0x00017a9a       0x4a ./Core/Src/main.o
 .debug_macro   0x00017ae4       0x34 ./Core/Src/main.o
 .debug_macro   0x00017b18       0x10 ./Core/Src/main.o
 .debug_macro   0x00017b28       0x58 ./Core/Src/main.o
 .debug_macro   0x00017b80       0x8e ./Core/Src/main.o
 .debug_macro   0x00017c0e       0x1c ./Core/Src/main.o
 .debug_macro   0x00017c2a      0x185 ./Core/Src/main.o
 .debug_macro   0x00017daf       0x16 ./Core/Src/main.o
 .debug_macro   0x00017dc5       0x16 ./Core/Src/main.o
 .debug_macro   0x00017ddb      0x146 ./Core/Src/main.o
 .debug_macro   0x00017f21       0x16 ./Core/Src/main.o
 .debug_macro   0x00017f37       0x16 ./Core/Src/main.o
 .debug_macro   0x00017f4d       0x29 ./Core/Src/main.o
 .debug_macro   0x00017f76       0x16 ./Core/Src/main.o
 .debug_macro   0x00017f8c       0x20 ./Core/Src/main.o
 .debug_macro   0x00017fac       0x5f ./Core/Src/main.o
 .debug_macro   0x0001800b      0x20f ./Core/Src/main.o
 .debug_macro   0x0001821a      0x1d4 ./Core/Src/stm32l4xx_hal_msp.o
 .debug_macro   0x000183ee      0x1de ./Core/Src/stm32l4xx_it.o
 .debug_macro   0x000185cc      0x1ca ./Core/Src/system_stm32l4xx.o
 .debug_macro   0x00018796      0x212 ./Drivers/STM32L4xx_HAL_Driver/Src/stm32l4xx_hal.o
 .debug_macro   0x000189a8      0x1ca ./Drivers/STM32L4xx_HAL_Driver/Src/stm32l4xx_hal_cortex.o
 .debug_macro   0x00018b72      0x1d1 ./Drivers/STM32L4xx_HAL_Driver/Src/stm32l4xx_hal_gpio.o
 .debug_macro   0x00018d43      0x1d6 ./Drivers/STM32L4xx_HAL_Driver/Src/stm32l4xx_hal_pcd.o
 .debug_macro   0x00018f19      0x1ca ./Drivers/STM32L4xx_HAL_Driver/Src/stm32l4xx_hal_pcd_ex.o
 .debug_macro   0x000190e3      0x1ee ./Drivers/STM32L4xx_HAL_Driver/Src/stm32l4xx_hal_pwr_ex.o
 .debug_macro   0x000192d1      0x20c ./Drivers/STM32L4xx_HAL_Driver/Src/stm32l4xx_hal_rcc.o
 .debug_macro   0x000194dd      0x200 ./Drivers/STM32L4xx_HAL_Driver/Src/stm32l4xx_hal_rcc_ex.o
 .debug_macro   0x000196dd      0x1ca ./Drivers/STM32L4xx_HAL_Driver/Src/stm32l4xx_ll_usb.o
 .debug_macro   0x000198a7      0x363 ./Middlewares/ST/STM32_USB_Device_Library/Class/CDC/Src/usbd_cdc.o
 .debug_macro   0x00019c0a       0x9e ./Middlewares/ST/STM32_USB_Device_Library/Class/CDC/Src/usbd_cdc.o
 .debug_macro   0x00019ca8      0x112 ./Middlewares/ST/STM32_USB_Device_Library/Class/CDC/Src/usbd_cdc.o
 .debug_macro   0x00019dba       0x56 ./Middlewares/ST/STM32_USB_Device_Library/Class/CDC/Src/usbd_cdc.o
 .debug_macro   0x00019e10       0x95 ./Middlewares/ST/STM32_USB_Device_Library/Class/CDC/Src/usbd_cdc.o
 .debug_macro   0x00019ea5      0x34a ./Middlewares/ST/STM32_USB_Device_Library/Core/Src/usbd_core.o
 .debug_macro   0x0001a1ef      0x215 ./Middlewares/ST/STM32_USB_Device_Library/Core/Src/usbd_core.o
 .debug_macro   0x0001a404      0x354 ./Middlewares/ST/STM32_USB_Device_Library/Core/Src/usbd_ctlreq.o
 .debug_macro   0x0001a758      0x350 ./Middlewares/ST/STM32_USB_Device_Library/Core/Src/usbd_ioreq.o
 .debug_macro   0x0001aaa8      0x389 ./USB_DEVICE/App/usb_device.o
 .debug_macro   0x0001ae31       0x22 ./USB_DEVICE/App/usb_device.o
 .debug_macro   0x0001ae53       0x16 ./USB_DEVICE/App/usb_device.o
 .debug_macro   0x0001ae69      0x36e ./USB_DEVICE/App/usbd_cdc_if.o
 .debug_macro   0x0001b1d7       0x10 ./USB_DEVICE/App/usbd_cdc_if.o
 .debug_macro   0x0001b1e7      0x38d ./USB_DEVICE/App/usbd_desc.o
 .debug_macro   0x0001b574       0x1c ./USB_DEVICE/App/usbd_desc.o
 .debug_macro   0x0001b590      0x36d ./USB_DEVICE/Target/usbd_conf.o

.debug_line     0x00000000     0xf86b
 .debug_line    0x00000000      0x987 ./Core/Src/main.o
 .debug_line    0x00000987      0x689 ./Core/Src/stm32l4xx_hal_msp.o
 .debug_line    0x00001010      0x750 ./Core/Src/stm32l4xx_it.o
 .debug_line    0x00001760      0x727 ./Core/Src/system_stm32l4xx.o
 .debug_line    0x00001e87       0x7a ./Core/Startup/startup_stm32l412cbtx.o
 .debug_line    0x00001f01      0x9f4 ./Drivers/STM32L4xx_HAL_Driver/Src/stm32l4xx_hal.o
 .debug_line    0x000028f5      0xc2a ./Drivers/STM32L4xx_HAL_Driver/Src/stm32l4xx_hal_cortex.o
 .debug_line    0x0000351f      0xa7a ./Drivers/STM32L4xx_HAL_Driver/Src/stm32l4xx_hal_gpio.o
 .debug_line    0x00003f99     0x1299 ./Drivers/STM32L4xx_HAL_Driver/Src/stm32l4xx_hal_pcd.o
 .debug_line    0x00005232      0x810 ./Drivers/STM32L4xx_HAL_Driver/Src/stm32l4xx_hal_pcd_ex.o
 .debug_line    0x00005a42      0xbe2 ./Drivers/STM32L4xx_HAL_Driver/Src/stm32l4xx_hal_pwr_ex.o
 .debug_line    0x00006624     0x1083 ./Drivers/STM32L4xx_HAL_Driver/Src/stm32l4xx_hal_rcc.o
 .debug_line    0x000076a7      0xf77 ./Drivers/STM32L4xx_HAL_Driver/Src/stm32l4xx_hal_rcc_ex.o
 .debug_line    0x0000861e      0xfd2 ./Drivers/STM32L4xx_HAL_Driver/Src/stm32l4xx_ll_usb.o
 .debug_line    0x000095f0      0xdd9 ./Middlewares/ST/STM32_USB_Device_Library/Class/CDC/Src/usbd_cdc.o
 .debug_line    0x0000a3c9      0xe91 ./Middlewares/ST/STM32_USB_Device_Library/Core/Src/usbd_core.o
 .debug_line    0x0000b25a     0x1070 ./Middlewares/ST/STM32_USB_Device_Library/Core/Src/usbd_ctlreq.o
 .debug_line    0x0000c2ca      0x998 ./Middlewares/ST/STM32_USB_Device_Library/Core/Src/usbd_ioreq.o
 .debug_line    0x0000cc62      0x95e ./USB_DEVICE/App/usb_device.o
 .debug_line    0x0000d5c0      0x9b1 ./USB_DEVICE/App/usbd_cdc_if.o
 .debug_line    0x0000df71      0xa22 ./USB_DEVICE/App/usbd_desc.o
 .debug_line    0x0000e993      0xed8 ./USB_DEVICE/Target/usbd_conf.o

.debug_str      0x00000000    0xa017d
 .debug_str     0x00000000    0xa017d ./Core/Src/main.o
                              0x9c6ab (size before relaxing)
 .debug_str     0x000a017d        0x0 ./Core/Src/stm32l4xx_hal_msp.o
                              0x980ab (size before relaxing)
 .debug_str     0x000a017d        0x0 ./Core/Src/stm32l4xx_it.o
                              0x983d2 (size before relaxing)
 .debug_str     0x000a017d        0x0 ./Core/Src/system_stm32l4xx.o
                              0x98160 (size before relaxing)
 .debug_str     0x000a017d        0x0 ./Core/Startup/startup_stm32l412cbtx.o
                                 0x80 (size before relaxing)
 .debug_str     0x000a017d        0x0 ./Drivers/STM32L4xx_HAL_Driver/Src/stm32l4xx_hal.o
                              0x98acf (size before relaxing)
 .debug_str     0x000a017d        0x0 ./Drivers/STM32L4xx_HAL_Driver/Src/stm32l4xx_hal_cortex.o
                              0x9888f (size before relaxing)
 .debug_str     0x000a017d        0x0 ./Drivers/STM32L4xx_HAL_Driver/Src/stm32l4xx_hal_gpio.o
                              0x982e6 (size before relaxing)
 .debug_str     0x000a017d        0x0 ./Drivers/STM32L4xx_HAL_Driver/Src/stm32l4xx_hal_pcd.o
                              0x98950 (size before relaxing)
 .debug_str     0x000a017d        0x0 ./Drivers/STM32L4xx_HAL_Driver/Src/stm32l4xx_hal_pcd_ex.o
                              0x98520 (size before relaxing)
 .debug_str     0x000a017d        0x0 ./Drivers/STM32L4xx_HAL_Driver/Src/stm32l4xx_hal_pwr_ex.o
                              0x9867c (size before relaxing)
 .debug_str     0x000a017d        0x0 ./Drivers/STM32L4xx_HAL_Driver/Src/stm32l4xx_hal_rcc.o
                              0x9876c (size before relaxing)
 .debug_str     0x000a017d        0x0 ./Drivers/STM32L4xx_HAL_Driver/Src/stm32l4xx_hal_rcc_ex.o
                              0x988c5 (size before relaxing)
 .debug_str     0x000a017d        0x0 ./Drivers/STM32L4xx_HAL_Driver/Src/stm32l4xx_ll_usb.o
                              0x984d8 (size before relaxing)
 .debug_str     0x000a017d        0x0 ./Middlewares/ST/STM32_USB_Device_Library/Class/CDC/Src/usbd_cdc.o
                              0x9d151 (size before relaxing)
 .debug_str     0x000a017d        0x0 ./Middlewares/ST/STM32_USB_Device_Library/Core/Src/usbd_core.o
                              0x9cad5 (size before relaxing)
 .debug_str     0x000a017d        0x0 ./Middlewares/ST/STM32_USB_Device_Library/Core/Src/usbd_ctlreq.o
                              0x9c900 (size before relaxing)
 .debug_str     0x000a017d        0x0 ./Middlewares/ST/STM32_USB_Device_Library/Core/Src/usbd_ioreq.o
                              0x9c7d5 (size before relaxing)
 .debug_str     0x000a017d        0x0 ./USB_DEVICE/App/usb_device.o
                              0x9cb88 (size before relaxing)
 .debug_str     0x000a017d        0x0 ./USB_DEVICE/App/usbd_cdc_if.o
                              0x9cbc8 (size before relaxing)
 .debug_str     0x000a017d        0x0 ./USB_DEVICE/App/usbd_desc.o
                              0x9c6f7 (size before relaxing)
 .debug_str     0x000a017d        0x0 ./USB_DEVICE/Target/usbd_conf.o
                              0x9d9e6 (size before relaxing)

.comment        0x00000000       0x43
 .comment       0x00000000       0x43 ./Core/Src/main.o
                                 0x44 (size before relaxing)
 .comment       0x00000043        0x0 ./Core/Src/stm32l4xx_hal_msp.o
                                 0x44 (size before relaxing)
 .comment       0x00000043        0x0 ./Core/Src/stm32l4xx_it.o
                                 0x44 (size before relaxing)
 .comment       0x00000043        0x0 ./Core/Src/system_stm32l4xx.o
                                 0x44 (size before relaxing)
 .comment       0x00000043        0x0 ./Drivers/STM32L4xx_HAL_Driver/Src/stm32l4xx_hal.o
                                 0x44 (size before relaxing)
 .comment       0x00000043        0x0 ./Drivers/STM32L4xx_HAL_Driver/Src/stm32l4xx_hal_cortex.o
                                 0x44 (size before relaxing)
 .comment       0x00000043        0x0 ./Drivers/STM32L4xx_HAL_Driver/Src/stm32l4xx_hal_gpio.o
                                 0x44 (size before relaxing)
 .comment       0x00000043        0x0 ./Drivers/STM32L4xx_HAL_Driver/Src/stm32l4xx_hal_pcd.o
                                 0x44 (size before relaxing)
 .comment       0x00000043        0x0 ./Drivers/STM32L4xx_HAL_Driver/Src/stm32l4xx_hal_pcd_ex.o
                                 0x44 (size before relaxing)
 .comment       0x00000043        0x0 ./Drivers/STM32L4xx_HAL_Driver/Src/stm32l4xx_hal_pwr_ex.o
                                 0x44 (size before relaxing)
 .comment       0x00000043        0x0 ./Drivers/STM32L4xx_HAL_Driver/Src/stm32l4xx_hal_rcc.o
                                 0x44 (size before relaxing)
 .comment       0x00000043        0x0 ./Drivers/STM32L4xx_HAL_Driver/Src/stm32l4xx_hal_rcc_ex.o
                                 0x44 (size before relaxing)
 .comment       0x00000043        0x0 ./Drivers/STM32L4xx_HAL_Driver/Src/stm32l4xx_ll_usb.o
                                 0x44 (size before relaxing)
 .comment       0x00000043        0x0 ./Middlewares/ST/STM32_USB_Device_Library/Class/CDC/Src/usbd_cdc.o
                                 0x44 (size before relaxing)
 .comment       0x00000043        0x0 ./Middlewares/ST/STM32_USB_Device_Library/Core/Src/usbd_core.o
                                 0x44 (size before relaxing)
 .comment       0x00000043        0x0 ./Middlewares/ST/STM32_USB_Device_Library/Core/Src/usbd_ctlreq.o
                                 0x44 (size before relaxing)
 .comment       0x00000043        0x0 ./Middlewares/ST/STM32_USB_Device_Library/Core/Src/usbd_ioreq.o
                                 0x44 (size before relaxing)
 .comment       0x00000043        0x0 ./USB_DEVICE/App/usb_device.o
                                 0x44 (size before relaxing)
 .comment       0x00000043        0x0 ./USB_DEVICE/App/usbd_cdc_if.o
                                 0x44 (size before relaxing)
 .comment       0x00000043        0x0 ./USB_DEVICE/App/usbd_desc.o
                                 0x44 (size before relaxing)
 .comment       0x00000043        0x0 ./USB_DEVICE/Target/usbd_conf.o
                                 0x44 (size before relaxing)

.debug_frame    0x00000000     0x327c
 .debug_frame   0x00000000       0x8c ./Core/Src/main.o
 .debug_frame   0x0000008c       0x38 ./Core/Src/stm32l4xx_hal_msp.o
 .debug_frame   0x000000c4      0x120 ./Core/Src/stm32l4xx_it.o
 .debug_frame   0x000001e4       0x58 ./Core/Src/system_stm32l4xx.o
 .debug_frame   0x0000023c      0x3dc ./Drivers/STM32L4xx_HAL_Driver/Src/stm32l4xx_hal.o
 .debug_frame   0x00000618      0x4e8 ./Drivers/STM32L4xx_HAL_Driver/Src/stm32l4xx_hal_cortex.o
 .debug_frame   0x00000b00      0x14c ./Drivers/STM32L4xx_HAL_Driver/Src/stm32l4xx_hal_gpio.o
 .debug_frame   0x00000c4c      0x56c ./Drivers/STM32L4xx_HAL_Driver/Src/stm32l4xx_hal_pcd.o
 .debug_frame   0x000011b8      0x14c ./Drivers/STM32L4xx_HAL_Driver/Src/stm32l4xx_hal_pcd_ex.o
 .debug_frame   0x00001304      0x524 ./Drivers/STM32L4xx_HAL_Driver/Src/stm32l4xx_hal_pwr_ex.o
 .debug_frame   0x00001828      0x21c ./Drivers/STM32L4xx_HAL_Driver/Src/stm32l4xx_hal_rcc.o
 .debug_frame   0x00001a44      0x33c ./Drivers/STM32L4xx_HAL_Driver/Src/stm32l4xx_hal_rcc_ex.o
 .debug_frame   0x00001d80      0x470 ./Drivers/STM32L4xx_HAL_Driver/Src/stm32l4xx_ll_usb.o
 .debug_frame   0x000021f0      0x23c ./Middlewares/ST/STM32_USB_Device_Library/Class/CDC/Src/usbd_cdc.o
 .debug_frame   0x0000242c      0x390 ./Middlewares/ST/STM32_USB_Device_Library/Core/Src/usbd_core.o
 .debug_frame   0x000027bc      0x23c ./Middlewares/ST/STM32_USB_Device_Library/Core/Src/usbd_ctlreq.o
 .debug_frame   0x000029f8      0x10c ./Middlewares/ST/STM32_USB_Device_Library/Core/Src/usbd_ioreq.o
 .debug_frame   0x00002b04       0x2c ./USB_DEVICE/App/usb_device.o
 .debug_frame   0x00002b30       0xe4 ./USB_DEVICE/App/usbd_cdc_if.o
 .debug_frame   0x00002c14      0x188 ./USB_DEVICE/App/usbd_desc.o
 .debug_frame   0x00002d9c      0x494 ./USB_DEVICE/Target/usbd_conf.o
 .debug_frame   0x00003230       0x20 /opt/st/stm32cubeide_2.0.0/plugins/com.st.stm32cube.ide.mcu.externaltools.gnu-tools-for-stm32.13.3.rel1.linux64_1.0.100.202509120712/tools/bin/../lib/gcc/arm-none-eabi/13.3.1/../../../../arm-none-eabi/lib/thumb/v7e-m+fp/hard/libc_nano.a(libc_a-memset.o)
 .debug_frame   0x00003250       0x2c /opt/st/stm32cubeide_2.0.0/plugins/com.st.stm32cube.ide.mcu.externaltools.gnu-tools-for-stm32.13.3.rel1.linux64_1.0.100.202509120712/tools/bin/../lib/gcc/arm-none-eabi/13.3.1/../../../../arm-none-eabi/lib/thumb/v7e-m+fp/hard/libc_nano.a(libc_a-init.o)

.debug_line_str
                0x00000000       0x64
 .debug_line_str
                0x00000000       0x64 ./Core/Startup/startup_stm32l412cbtx.o
